2026-08-07 05:35:14.071: [INFO] CurrentProfilePath: D:\newEclips\ProjectSpringBoot\.metadata\.plugins\org.eclipse.swt\EBWebView\Default
2026-08-07 05:35:14.071: [INFO] Profiles total count: 1
2026-08-07 05:35:14.071: [INFO] Profile: name=Profile 1 path=D:\newEclips\ProjectSpringBoot\.metadata\.plugins\org.eclipse.swt\EBWebView\Default lastActive=null
2026-08-07 05:35:14.071: [INFO] LastUsedProfileDir: D:\newEclips\ProjectSpringBoot\.metadata\.plugins\org.eclipse.swt\EBWebView\Default
2026-08-07 05:35:14.071: [INFO] OnDoneLoading sync enabled: 0
2026-08-07 05:35:14.071: [INFO] BookmarkModelLoaded, ids_reassigned: 0
2026-08-07 05:35:14.071: [INFO] BookmarksLoadDropped droppedNodes=0
2026-08-07 05:35:14.071: [INFO] BookmarksSnapshot Startup total=0 bar=0 other=0 mobile=0 showBar=0 showBarNTP=1
2026-08-07 06:12:48.005: [INFO] BookmarksSnapshot Shutdown total=0 bar=0 other=0 mobile=0 showBar=0 showBarNTP=1
2026-08-07 06:13:34.356: [INFO] CurrentProfilePath: D:\newEclips\ProjectSpringBoot\.metadata\.plugins\org.eclipse.swt\EBWebView\Default
2026-08-07 06:13:34.356: [INFO] Profiles total count: 1
2026-08-07 06:13:34.357: [INFO] Profile: name=Profile 1 path=D:\newEclips\ProjectSpringBoot\.metadata\.plugins\org.eclipse.swt\EBWebView\Default lastActive=2026-08-07T06:00:59.235Z
2026-08-07 06:13:34.357: [INFO] LastUsedProfileDir: D:\newEclips\ProjectSpringBoot\.metadata\.plugins\org.eclipse.swt\EBWebView\Default
2026-08-07 06:13:34.357: [INFO] MostRecentlyActiveProfile: name=Profile 1 path=D:\newEclips\ProjectSpringBoot\.metadata\.plugins\org.eclipse.swt\EBWebView\Default lastActive=2026-08-07T06:00:59.235Z
2026-08-07 06:13:34.357: [INFO] OnDoneLoading sync enabled: 0
2026-08-07 06:13:34.357: [INFO] BookmarkModelLoaded, ids_reassigned: 0
2026-08-07 06:13:34.357: [INFO] BookmarksLoadDropped droppedNodes=0
2026-08-07 06:13:34.357: [INFO] BookmarksSnapshot Startup total=0 bar=0 other=0 mobile=0 showBar=0 showBarNTP=1
2026-08-07 10:22:18.244: [INFO] BookmarksSnapshot Shutdown total=0 bar=0 other=0 mobile=0 showBar=0 showBarNTP=1
2026-08-07 10:26:15.923: [INFO] CurrentProfilePath: D:\newEclips\ProjectSpringBoot\.metadata\.plugins\org.eclipse.swt\EBWebView\Default
2026-08-07 10:26:15.923: [INFO] Profiles total count: 1
2026-08-07 10:26:15.925: [INFO] Profile: name=Profile 1 path=D:\newEclips\ProjectSpringBoot\.metadata\.plugins\org.eclipse.swt\EBWebView\Default lastActive=2026-08-07T06:14:23.179Z
2026-08-07 10:26:15.925: [INFO] LastUsedProfileDir: D:\newEclips\ProjectSpringBoot\.metadata\.plugins\org.eclipse.swt\EBWebView\Default
2026-08-07 10:26:15.925: [INFO] MostRecentlyActiveProfile: name=Profile 1 path=D:\newEclips\ProjectSpringBoot\.metadata\.plugins\org.eclipse.swt\EBWebView\Default lastActive=2026-08-07T06:14:23.179Z
2026-08-07 10:26:15.925: [INFO] OnDoneLoading sync enabled: 0
2026-08-07 10:26:15.925: [INFO] BookmarkModelLoaded, ids_reassigned: 0
2026-08-07 10:26:15.925: [INFO] BookmarksLoadDropped droppedNodes=0
2026-08-07 10:26:15.926: [INFO] BookmarksSnapshot Startup total=0 bar=0 other=0 mobile=0 showBar=0 showBarNTP=1
2026-08-07 10:33:45.123: [INFO] BookmarksSnapshot Shutdown total=0 bar=0 other=0 mobile=0 showBar=0 showBarNTP=1
2026-08-07 10:45:47.394: [INFO] CurrentProfilePath: D:\newEclips\ProjectSpringBoot\.metadata\.plugins\org.eclipse.swt\EBWebView\Default
2026-08-07 10:45:47.394: [INFO] Profiles total count: 1
2026-08-07 10:45:47.394: [INFO] Profile: name=Profile 1 path=D:\newEclips\ProjectSpringBoot\.metadata\.plugins\org.eclipse.swt\EBWebView\Default lastActive=2026-08-07T10:30:31.818Z
2026-08-07 10:45:47.394: [INFO] LastUsedProfileDir: D:\newEclips\ProjectSpringBoot\.metadata\.plugins\org.eclipse.swt\EBWebView\Default
2026-08-07 10:45:47.394: [INFO] MostRecentlyActiveProfile: name=Profile 1 path=D:\newEclips\ProjectSpringBoot\.metadata\.plugins\org.eclipse.swt\EBWebView\Default lastActive=2026-08-07T10:30:31.818Z
2026-08-07 10:45:47.394: [INFO] OnDoneLoading sync enabled: 0
2026-08-07 10:45:47.394: [INFO] BookmarkModelLoaded, ids_reassigned: 0
2026-08-07 10:45:47.394: [INFO] BookmarksLoadDropped droppedNodes=0
2026-08-07 10:45:47.394: [INFO] BookmarksSnapshot Startup total=0 bar=0 other=0 mobile=0 showBar=0 showBarNTP=1
2026-08-07 10:54:37.605: [INFO] BookmarksSnapshot Shutdown total=0 bar=0 other=0 mobile=0 showBar=0 showBarNTP=1
2026-08-07 10:55:19.328: [INFO] CurrentProfilePath: D:\newEclips\ProjectSpringBoot\.metadata\.plugins\org.eclipse.swt\EBWebView\Default
2026-08-07 10:55:19.328: [INFO] Profiles total count: 1
2026-08-07 10:55:19.328: [INFO] Profile: name=Profile 1 path=D:\newEclips\ProjectSpringBoot\.metadata\.plugins\org.eclipse.swt\EBWebView\Default lastActive=2026-08-07T10:30:31.818Z
2026-08-07 10:55:19.328: [INFO] LastUsedProfileDir: D:\newEclips\ProjectSpringBoot\.metadata\.plugins\org.eclipse.swt\EBWebView\Default
2026-08-07 10:55:19.328: [INFO] MostRecentlyActiveProfile: name=Profile 1 path=D:\newEclips\ProjectSpringBoot\.metadata\.plugins\org.eclipse.swt\EBWebView\Default lastActive=2026-08-07T10:30:31.818Z
2026-08-07 10:55:19.328: [INFO] OnDoneLoading sync enabled: 0
2026-08-07 10:55:19.328: [INFO] BookmarkModelLoaded, ids_reassigned: 0
2026-08-07 10:55:19.328: [INFO] BookmarksLoadDropped droppedNodes=0
2026-08-07 10:55:19.328: [INFO] BookmarksSnapshot Startup total=0 bar=0 other=0 mobile=0 showBar=0 showBarNTP=1
2026-08-07 10:55:21.563: [INFO] BookmarksSnapshot Shutdown total=0 bar=0 other=0 mobile=0 showBar=0 showBarNTP=1
2026-08-07 10:57:39.465: [INFO] CurrentProfilePath: D:\newEclips\ProjectSpringBoot\.metadata\.plugins\org.eclipse.swt\EBWebView\Default
2026-08-07 10:57:39.465: [INFO] Profiles total count: 1
2026-08-07 10:57:39.466: [INFO] Profile: name=Profile 1 path=D:\newEclips\ProjectSpringBoot\.metadata\.plugins\org.eclipse.swt\EBWebView\Default lastActive=2026-08-07T10:30:31.818Z
2026-08-07 10:57:39.466: [INFO] LastUsedProfileDir: D:\newEclips\ProjectSpringBoot\.metadata\.plugins\org.eclipse.swt\EBWebView\Default
2026-08-07 10:57:39.466: [INFO] MostRecentlyActiveProfile: name=Profile 1 path=D:\newEclips\ProjectSpringBoot\.metadata\.plugins\org.eclipse.swt\EBWebView\Default lastActive=2026-08-07T10:30:31.818Z
2026-08-07 10:57:39.466: [INFO] OnDoneLoading sync enabled: 0
2026-08-07 10:57:39.466: [INFO] BookmarkModelLoaded, ids_reassigned: 0
2026-08-07 10:57:39.466: [INFO] BookmarksLoadDropped droppedNodes=0
2026-08-07 10:57:39.466: [INFO] BookmarksSnapshot Startup total=0 bar=0 other=0 mobile=0 showBar=0 showBarNTP=1
2026-08-07 10:57:42.973: [INFO] BookmarksSnapshot Shutdown total=0 bar=0 other=0 mobile=0 showBar=0 showBarNTP=1
2026-08-07 10:57:59.140: [INFO] CurrentProfilePath: D:\newEclips\ProjectSpringBoot\.metadata\.plugins\org.eclipse.swt\EBWebView\Default
2026-08-07 10:57:59.140: [INFO] Profiles total count: 1
2026-08-07 10:57:59.141: [INFO] Profile: name=Profile 1 path=D:\newEclips\ProjectSpringBoot\.metadata\.plugins\org.eclipse.swt\EBWebView\Default lastActive=2026-08-07T10:30:31.818Z
2026-08-07 10:57:59.141: [INFO] LastUsedProfileDir: D:\newEclips\ProjectSpringBoot\.metadata\.plugins\org.eclipse.swt\EBWebView\Default
2026-08-07 10:57:59.141: [INFO] MostRecentlyActiveProfile: name=Profile 1 path=D:\newEclips\ProjectSpringBoot\.metadata\.plugins\org.eclipse.swt\EBWebView\Default lastActive=2026-08-07T10:30:31.818Z
2026-08-07 10:57:59.141: [INFO] OnDoneLoading sync enabled: 0
2026-08-07 10:57:59.141: [INFO] BookmarkModelLoaded, ids_reassigned: 0
2026-08-07 10:57:59.141: [INFO] BookmarksLoadDropped droppedNodes=0
2026-08-07 10:57:59.141: [INFO] BookmarksSnapshot Startup total=0 bar=0 other=0 mobile=0 showBar=0 showBarNTP=1
2026-08-07 10:58:19.105: [INFO] BookmarksSnapshot Shutdown total=0 bar=0 other=0 mobile=0 showBar=0 showBarNTP=1
2026-08-07 11:16:44.426: [INFO] CurrentProfilePath: D:\newEclips\ProjectSpringBoot\.metadata\.plugins\org.eclipse.swt\EBWebView\Default
2026-08-07 11:16:44.426: [INFO] Profiles total count: 1
2026-08-07 11:16:44.427: [INFO] Profile: name=Profile 1 path=D:\newEclips\ProjectSpringBoot\.metadata\.plugins\org.eclipse.swt\EBWebView\Default lastActive=2026-08-07T10:30:31.818Z
2026-08-07 11:16:44.427: [INFO] LastUsedProfileDir: D:\newEclips\ProjectSpringBoot\.metadata\.plugins\org.eclipse.swt\EBWebView\Default
2026-08-07 11:16:44.427: [INFO] MostRecentlyActiveProfile: name=Profile 1 path=D:\newEclips\ProjectSpringBoot\.metadata\.plugins\org.eclipse.swt\EBWebView\Default lastActive=2026-08-07T10:30:31.818Z
2026-08-07 11:16:44.427: [INFO] OnDoneLoading sync enabled: 0
2026-08-07 11:16:44.427: [INFO] BookmarkModelLoaded, ids_reassigned: 0
2026-08-07 11:16:44.427: [INFO] BookmarksLoadDropped droppedNodes=0
2026-08-07 11:16:44.427: [INFO] BookmarksSnapshot Startup total=0 bar=0 other=0 mobile=0 showBar=0 showBarNTP=1
2026-08-07 11:27:32.352: [INFO] BookmarksSnapshot Shutdown total=0 bar=0 other=0 mobile=0 showBar=0 showBarNTP=1
2026-08-07 11:31:05.849: [INFO] CurrentProfilePath: D:\newEclips\ProjectSpringBoot\.metadata\.plugins\org.eclipse.swt\EBWebView\Default
2026-08-07 11:31:05.849: [INFO] Profiles total count: 1
2026-08-07 11:31:05.849: [INFO] Profile: name=Profile 1 path=D:\newEclips\ProjectSpringBoot\.metadata\.plugins\org.eclipse.swt\EBWebView\Default lastActive=2026-08-07T10:30:31.818Z
2026-08-07 11:31:05.849: [INFO] LastUsedProfileDir: D:\newEclips\ProjectSpringBoot\.metadata\.plugins\org.eclipse.swt\EBWebView\Default
2026-08-07 11:31:05.849: [INFO] MostRecentlyActiveProfile: name=Profile 1 path=D:\newEclips\ProjectSpringBoot\.metadata\.plugins\org.eclipse.swt\EBWebView\Default lastActive=2026-08-07T10:30:31.818Z
2026-08-07 11:31:05.849: [INFO] OnDoneLoading sync enabled: 0
2026-08-07 11:31:05.849: [INFO] BookmarkModelLoaded, ids_reassigned: 0
2026-08-07 11:31:05.849: [INFO] BookmarksLoadDropped droppedNodes=0
2026-08-07 11:31:05.849: [INFO] BookmarksSnapshot Startup total=0 bar=0 other=0 mobile=0 showBar=0 showBarNTP=1
2026-08-07 11:34:44.450: [INFO] BookmarksSnapshot Shutdown total=0 bar=0 other=0 mobile=0 showBar=0 showBarNTP=1
2026-08-07 11:37:27.805: [INFO] CurrentProfilePath: D:\newEclips\ProjectSpringBoot\.metadata\.plugins\org.eclipse.swt\EBWebView\Default
2026-08-07 11:37:27.805: [INFO] Profiles total count: 1
2026-08-07 11:37:27.806: [INFO] Profile: name=Profile 1 path=D:\newEclips\ProjectSpringBoot\.metadata\.plugins\org.eclipse.swt\EBWebView\Default lastActive=2026-08-07T10:30:31.818Z
2026-08-07 11:37:27.806: [INFO] LastUsedProfileDir: D:\newEclips\ProjectSpringBoot\.metadata\.plugins\org.eclipse.swt\EBWebView\Default
2026-08-07 11:37:27.806: [INFO] MostRecentlyActiveProfile: name=Profile 1 path=D:\newEclips\ProjectSpringBoot\.metadata\.plugins\org.eclipse.swt\EBWebView\Default lastActive=2026-08-07T10:30:31.818Z
2026-08-07 11:37:27.806: [INFO] OnDoneLoading sync enabled: 0
2026-08-07 11:37:27.806: [INFO] BookmarkModelLoaded, ids_reassigned: 0
2026-08-07 11:37:27.806: [INFO] BookmarksLoadDropped droppedNodes=0
2026-08-07 11:37:27.806: [INFO] BookmarksSnapshot Startup total=0 bar=0 other=0 mobile=0 showBar=0 showBarNTP=1
2026-08-07 11:46:05.485: [INFO] BookmarksSnapshot Shutdown total=0 bar=0 other=0 mobile=0 showBar=0 showBarNTP=1
2026-08-07 11:49:07.919: [INFO] CurrentProfilePath: D:\newEclips\ProjectSpringBoot\.metadata\.plugins\org.eclipse.swt\EBWebView\Default
2026-08-07 11:49:07.919: [INFO] Profiles total count: 1
2026-08-07 11:49:07.919: [INFO] Profile: name=Profile 1 path=D:\newEclips\ProjectSpringBoot\.metadata\.plugins\org.eclipse.swt\EBWebView\Default lastActive=2026-08-07T10:30:31.818Z
2026-08-07 11:49:07.919: [INFO] LastUsedProfileDir: D:\newEclips\ProjectSpringBoot\.metadata\.plugins\org.eclipse.swt\EBWebView\Default
2026-08-07 11:49:07.919: [INFO] MostRecentlyActiveProfile: name=Profile 1 path=D:\newEclips\ProjectSpringBoot\.metadata\.plugins\org.eclipse.swt\EBWebView\Default lastActive=2026-08-07T10:30:31.818Z
2026-08-07 11:49:07.919: [INFO] OnDoneLoading sync enabled: 0
2026-08-07 11:49:07.919: [INFO] BookmarkModelLoaded, ids_reassigned: 0
2026-08-07 11:49:07.919: [INFO] BookmarksLoadDropped droppedNodes=0
2026-08-07 11:49:07.919: [INFO] BookmarksSnapshot Startup total=0 bar=0 other=0 mobile=0 showBar=0 showBarNTP=1
2026-08-07 11:59:29.900: [INFO] BookmarksSnapshot Shutdown total=0 bar=0 other=0 mobile=0 showBar=0 showBarNTP=1
2026-08-07 15:45:31.450: [INFO] CurrentProfilePath: D:\newEclips\ProjectSpringBoot\.metadata\.plugins\org.eclipse.swt\EBWebView\Default
2026-08-07 15:45:31.451: [INFO] Profiles total count: 1
2026-08-07 15:45:31.451: [INFO] Profile: name=Profile 1 path=D:\newEclips\ProjectSpringBoot\.metadata\.plugins\org.eclipse.swt\EBWebView\Default lastActive=2026-08-07T10:30:31.818Z
2026-08-07 15:45:31.451: [INFO] LastUsedProfileDir: D:\newEclips\ProjectSpringBoot\.metadata\.plugins\org.eclipse.swt\EBWebView\Default
2026-08-07 15:45:31.451: [INFO] MostRecentlyActiveProfile: name=Profile 1 path=D:\newEclips\ProjectSpringBoot\.metadata\.plugins\org.eclipse.swt\EBWebView\Default lastActive=2026-08-07T10:30:31.818Z
2026-08-07 15:45:31.451: [INFO] OnDoneLoading sync enabled: 0
2026-08-07 15:45:31.451: [INFO] BookmarkModelLoaded, ids_reassigned: 0
2026-08-07 15:45:31.451: [INFO] BookmarksLoadDropped droppedNodes=0
2026-08-07 15:45:31.451: [INFO] BookmarksSnapshot Startup total=0 bar=0 other=0 mobile=0 showBar=0 showBarNTP=1
2026-08-07 15:46:05.230: [INFO] BookmarksSnapshot Shutdown total=0 bar=0 other=0 mobile=0 showBar=0 showBarNTP=1
2026-08-07 15:48:04.520: [INFO] CurrentProfilePath: D:\newEclips\ProjectSpringBoot\.metadata\.plugins\org.eclipse.swt\EBWebView\Default
2026-08-07 15:48:04.521: [INFO] Profiles total count: 1
2026-08-07 15:48:04.521: [INFO] Profile: name=Profile 1 path=D:\newEclips\ProjectSpringBoot\.metadata\.plugins\org.eclipse.swt\EBWebView\Default lastActive=2026-08-07T15:46:04.761Z
2026-08-07 15:48:04.521: [INFO] LastUsedProfileDir: D:\newEclips\ProjectSpringBoot\.metadata\.plugins\org.eclipse.swt\EBWebView\Default
2026-08-07 15:48:04.521: [INFO] MostRecentlyActiveProfile: name=Profile 1 path=D:\newEclips\ProjectSpringBoot\.metadata\.plugins\org.eclipse.swt\EBWebView\Default lastActive=2026-08-07T15:46:04.761Z
2026-08-07 15:48:04.521: [INFO] OnDoneLoading sync enabled: 0
2026-08-07 15:48:04.521: [INFO] BookmarkModelLoaded, ids_reassigned: 0
2026-08-07 15:48:04.521: [INFO] BookmarksLoadDropped droppedNodes=0
2026-08-07 15:48:04.521: [INFO] BookmarksSnapshot Startup total=0 bar=0 other=0 mobile=0 showBar=0 showBarNTP=1
2026-08-07 16:07:29.556: [INFO] BookmarksSnapshot Shutdown total=0 bar=0 other=0 mobile=0 showBar=0 showBarNTP=1
2026-08-07 16:13:20.311: [INFO] CurrentProfilePath: D:\newEclips\ProjectSpringBoot\.metadata\.plugins\org.eclipse.swt\EBWebView\Default
2026-08-07 16:13:20.311: [INFO] Profiles total count: 1
2026-08-07 16:13:20.312: [INFO] Profile: name=Profile 1 path=D:\newEclips\ProjectSpringBoot\.metadata\.plugins\org.eclipse.swt\EBWebView\Default lastActive=2026-08-07T15:46:04.761Z
2026-08-07 16:13:20.312: [INFO] LastUsedProfileDir: D:\newEclips\ProjectSpringBoot\.metadata\.plugins\org.eclipse.swt\EBWebView\Default
2026-08-07 16:13:20.312: [INFO] MostRecentlyActiveProfile: name=Profile 1 path=D:\newEclips\ProjectSpringBoot\.metadata\.plugins\org.eclipse.swt\EBWebView\Default lastActive=2026-08-07T15:46:04.761Z
2026-08-07 16:13:20.312: [INFO] OnDoneLoading sync enabled: 0
2026-08-07 16:13:20.312: [INFO] BookmarkModelLoaded, ids_reassigned: 0
2026-08-07 16:13:20.312: [INFO] BookmarksLoadDropped droppedNodes=0
2026-08-07 16:13:20.312: [INFO] BookmarksSnapshot Startup total=0 bar=0 other=0 mobile=0 showBar=0 showBarNTP=1
2026-08-07 16:18:33.828: [INFO] BookmarksSnapshot Shutdown total=0 bar=0 other=0 mobile=0 showBar=0 showBarNTP=1
2026-08-07 16:18:53.330: [INFO] CurrentProfilePath: D:\newEclips\ProjectSpringBoot\.metadata\.plugins\org.eclipse.swt\EBWebView\Default
2026-08-07 16:18:53.330: [INFO] Profiles total count: 1
2026-08-07 16:18:53.438: [INFO] Profile: name=Profile 1 path=D:\newEclips\ProjectSpringBoot\.metadata\.plugins\org.eclipse.swt\EBWebView\Default lastActive=2026-08-07T15:46:04.761Z
2026-08-07 16:18:53.438: [INFO] LastUsedProfileDir: D:\newEclips\ProjectSpringBoot\.metadata\.plugins\org.eclipse.swt\EBWebView\Default
2026-08-07 16:18:53.438: [INFO] MostRecentlyActiveProfile: name=Profile 1 path=D:\newEclips\ProjectSpringBoot\.metadata\.plugins\org.eclipse.swt\EBWebView\Default lastActive=2026-08-07T15:46:04.761Z
2026-08-07 16:18:53.438: [INFO] OnDoneLoading sync enabled: 0
2026-08-07 16:18:53.438: [INFO] BookmarkModelLoaded, ids_reassigned: 0
2026-08-07 16:18:53.438: [INFO] BookmarksLoadDropped droppedNodes=0
2026-08-07 16:18:53.438: [INFO] BookmarksSnapshot Startup total=0 bar=0 other=0 mobile=0 showBar=0 showBarNTP=1
2026-08-07 16:38:42.801: [INFO] BookmarksSnapshot Shutdown total=0 bar=0 other=0 mobile=0 showBar=0 showBarNTP=1
2026-08-07 16:41:08.909: [INFO] CurrentProfilePath: D:\newEclips\ProjectSpringBoot\.metadata\.plugins\org.eclipse.swt\EBWebView\Default
2026-08-07 16:41:08.909: [INFO] Profiles total count: 1
2026-08-07 16:41:08.909: [INFO] Profile: name=Profile 1 path=D:\newEclips\ProjectSpringBoot\.metadata\.plugins\org.eclipse.swt\EBWebView\Default lastActive=2026-08-07T15:46:04.761Z
2026-08-07 16:41:08.909: [INFO] LastUsedProfileDir: D:\newEclips\ProjectSpringBoot\.metadata\.plugins\org.eclipse.swt\EBWebView\Default
2026-08-07 16:41:08.909: [INFO] MostRecentlyActiveProfile: name=Profile 1 path=D:\newEclips\ProjectSpringBoot\.metadata\.plugins\org.eclipse.swt\EBWebView\Default lastActive=2026-08-07T15:46:04.761Z
2026-08-07 16:41:08.909: [INFO] OnDoneLoading sync enabled: 0
2026-08-07 16:41:08.909: [INFO] BookmarkModelLoaded, ids_reassigned: 0
2026-08-07 16:41:08.909: [INFO] BookmarksLoadDropped droppedNodes=0
2026-08-07 16:41:08.910: [INFO] BookmarksSnapshot Startup total=0 bar=0 other=0 mobile=0 showBar=0 showBarNTP=1
2026-08-07 16:57:36.753: [INFO] BookmarksSnapshot Shutdown total=0 bar=0 other=0 mobile=0 showBar=0 showBarNTP=1
2026-08-07 17:10:05.924: [INFO] CurrentProfilePath: D:\newEclips\ProjectSpringBoot\.metadata\.plugins\org.eclipse.swt\EBWebView\Default
2026-08-07 17:10:05.924: [INFO] Profiles total count: 1
2026-08-07 17:10:05.925: [INFO] Profile: name=Profile 1 path=D:\newEclips\ProjectSpringBoot\.metadata\.plugins\org.eclipse.swt\EBWebView\Default lastActive=2026-08-07T15:46:04.761Z
2026-08-07 17:10:05.925: [INFO] LastUsedProfileDir: D:\newEclips\ProjectSpringBoot\.metadata\.plugins\org.eclipse.swt\EBWebView\Default
2026-08-07 17:10:05.925: [INFO] MostRecentlyActiveProfile: name=Profile 1 path=D:\newEclips\ProjectSpringBoot\.metadata\.plugins\org.eclipse.swt\EBWebView\Default lastActive=2026-08-07T15:46:04.761Z
2026-08-07 17:10:05.925: [INFO] OnDoneLoading sync enabled: 0
2026-08-07 17:10:05.925: [INFO] BookmarkModelLoaded, ids_reassigned: 0
2026-08-07 17:10:05.925: [INFO] BookmarksLoadDropped droppedNodes=0
2026-08-07 17:10:05.925: [INFO] BookmarksSnapshot Startup total=0 bar=0 other=0 mobile=0 showBar=0 showBarNTP=1
2026-08-07 17:10:09.837: [INFO] BookmarksSnapshot Shutdown total=0 bar=0 other=0 mobile=0 showBar=0 showBarNTP=1
2026-08-07 17:25:54.477: [INFO] CurrentProfilePath: D:\newEclips\ProjectSpringBoot\.metadata\.plugins\org.eclipse.swt\EBWebView\Default
2026-08-07 17:25:54.477: [INFO] Profiles total count: 1
2026-08-07 17:25:54.477: [INFO] Profile: name=Profile 1 path=D:\newEclips\ProjectSpringBoot\.metadata\.plugins\org.eclipse.swt\EBWebView\Default lastActive=2026-08-07T15:46:04.761Z
2026-08-07 17:25:54.477: [INFO] LastUsedProfileDir: D:\newEclips\ProjectSpringBoot\.metadata\.plugins\org.eclipse.swt\EBWebView\Default
2026-08-07 17:25:54.477: [INFO] MostRecentlyActiveProfile: name=Profile 1 path=D:\newEclips\ProjectSpringBoot\.metadata\.plugins\org.eclipse.swt\EBWebView\Default lastActive=2026-08-07T15:46:04.761Z
2026-08-07 17:25:54.477: [INFO] OnDoneLoading sync enabled: 0
2026-08-07 17:25:54.477: [INFO] BookmarkModelLoaded, ids_reassigned: 0
2026-08-07 17:25:54.477: [INFO] BookmarksLoadDropped droppedNodes=0
2026-08-07 17:25:54.478: [INFO] BookmarksSnapshot Startup total=0 bar=0 other=0 mobile=0 showBar=0 showBarNTP=1
2026-08-07 17:31:07.729: [INFO] BookmarksSnapshot Shutdown total=0 bar=0 other=0 mobile=0 showBar=0 showBarNTP=1
2026-08-07 17:55:23.944: [INFO] CurrentProfilePath: D:\newEclips\ProjectSpringBoot\.metadata\.plugins\org.eclipse.swt\EBWebView\Default
2026-08-07 17:55:23.944: [INFO] Profiles total count: 1
2026-08-07 17:55:23.946: [INFO] Profile: name=Profile 1 path=D:\newEclips\ProjectSpringBoot\.metadata\.plugins\org.eclipse.swt\EBWebView\Default lastActive=2026-08-07T15:46:04.761Z
2026-08-07 17:55:23.946: [INFO] LastUsedProfileDir: D:\newEclips\ProjectSpringBoot\.metadata\.plugins\org.eclipse.swt\EBWebView\Default
2026-08-07 17:55:23.946: [INFO] MostRecentlyActiveProfile: name=Profile 1 path=D:\newEclips\ProjectSpringBoot\.metadata\.plugins\org.eclipse.swt\EBWebView\Default lastActive=2026-08-07T15:46:04.761Z
2026-08-07 17:55:23.946: [INFO] OnDoneLoading sync enabled: 0
2026-08-07 17:55:23.947: [INFO] BookmarkModelLoaded, ids_reassigned: 0
2026-08-07 17:55:23.947: [INFO] BookmarksLoadDropped droppedNodes=0
2026-08-07 17:55:23.947: [INFO] BookmarksSnapshot Startup total=0 bar=0 other=0 mobile=0 showBar=0 showBarNTP=1
2026-08-07 18:28:27.686: [INFO] BookmarksSnapshot Shutdown total=0 bar=0 other=0 mobile=0 showBar=0 showBarNTP=1
2026-08-07 18:29:53.047: [INFO] CurrentProfilePath: D:\newEclips\ProjectSpringBoot\.metadata\.plugins\org.eclipse.swt\EBWebView\Default
2026-08-07 18:29:53.047: [INFO] Profiles total count: 1
2026-08-07 18:29:53.048: [INFO] Profile: name=Profile 1 path=D:\newEclips\ProjectSpringBoot\.metadata\.plugins\org.eclipse.swt\EBWebView\Default lastActive=2026-08-07T15:46:04.761Z
2026-08-07 18:29:53.048: [INFO] LastUsedProfileDir: D:\newEclips\ProjectSpringBoot\.metadata\.plugins\org.eclipse.swt\EBWebView\Default
2026-08-07 18:29:53.048: [INFO] MostRecentlyActiveProfile: name=Profile 1 path=D:\newEclips\ProjectSpringBoot\.metadata\.plugins\org.eclipse.swt\EBWebView\Default lastActive=2026-08-07T15:46:04.761Z
2026-08-07 18:29:53.048: [INFO] OnDoneLoading sync enabled: 0
2026-08-07 18:29:53.048: [INFO] BookmarkModelLoaded, ids_reassigned: 0
2026-08-07 18:29:53.048: [INFO] BookmarksLoadDropped droppedNodes=0
2026-08-07 18:29:53.048: [INFO] BookmarksSnapshot Startup total=0 bar=0 other=0 mobile=0 showBar=0 showBarNTP=1
2026-08-07 18:31:19.060: [INFO] BookmarksSnapshot Shutdown total=0 bar=0 other=0 mobile=0 showBar=0 showBarNTP=1
2026-08-07 18:32:25.123: [INFO] CurrentProfilePath: D:\newEclips\ProjectSpringBoot\.metadata\.plugins\org.eclipse.swt\EBWebView\Default
2026-08-07 18:32:25.123: [INFO] Profiles total count: 1
2026-08-07 18:32:25.123: [INFO] Profile: name=Profile 1 path=D:\newEclips\ProjectSpringBoot\.metadata\.plugins\org.eclipse.swt\EBWebView\Default lastActive=2026-08-07T15:46:04.761Z
2026-08-07 18:32:25.123: [INFO] LastUsedProfileDir: D:\newEclips\ProjectSpringBoot\.metadata\.plugins\org.eclipse.swt\EBWebView\Default
2026-08-07 18:32:25.123: [INFO] MostRecentlyActiveProfile: name=Profile 1 path=D:\newEclips\ProjectSpringBoot\.metadata\.plugins\org.eclipse.swt\EBWebView\Default lastActive=2026-08-07T15:46:04.761Z
2026-08-07 18:32:25.123: [INFO] OnDoneLoading sync enabled: 0
2026-08-07 18:32:25.123: [INFO] BookmarkModelLoaded, ids_reassigned: 0
2026-08-07 18:32:25.123: [INFO] BookmarksLoadDropped droppedNodes=0
2026-08-07 18:32:25.123: [INFO] BookmarksSnapshot Startup total=0 bar=0 other=0 mobile=0 showBar=0 showBarNTP=1
2026-08-07 18:35:52.978: [INFO] BookmarksSnapshot Shutdown total=0 bar=0 other=0 mobile=0 showBar=0 showBarNTP=1
2026-08-07 18:36:39.905: [INFO] CurrentProfilePath: D:\newEclips\ProjectSpringBoot\.metadata\.plugins\org.eclipse.swt\EBWebView\Default
2026-08-07 18:36:39.905: [INFO] Profiles total count: 1
2026-08-07 18:36:39.905: [INFO] Profile: name=Profile 1 path=D:\newEclips\ProjectSpringBoot\.metadata\.plugins\org.eclipse.swt\EBWebView\Default lastActive=2026-08-07T15:46:04.761Z
2026-08-07 18:36:39.905: [INFO] LastUsedProfileDir: D:\newEclips\ProjectSpringBoot\.metadata\.plugins\org.eclipse.swt\EBWebView\Default
2026-08-07 18:36:39.905: [INFO] MostRecentlyActiveProfile: name=Profile 1 path=D:\newEclips\ProjectSpringBoot\.metadata\.plugins\org.eclipse.swt\EBWebView\Default lastActive=2026-08-07T15:46:04.761Z
2026-08-07 18:36:39.905: [INFO] OnDoneLoading sync enabled: 0
2026-08-07 18:36:39.905: [INFO] BookmarkModelLoaded, ids_reassigned: 0
2026-08-07 18:36:39.905: [INFO] BookmarksLoadDropped droppedNodes=0
2026-08-07 18:36:39.905: [INFO] BookmarksSnapshot Startup total=0 bar=0 other=0 mobile=0 showBar=0 showBarNTP=1
2026-08-07 18:36:47.744: [INFO] BookmarksSnapshot Shutdown total=0 bar=0 other=0 mobile=0 showBar=0 showBarNTP=1
2026-08-07 18:37:03.104: [INFO] CurrentProfilePath: D:\newEclips\ProjectSpringBoot\.metadata\.plugins\org.eclipse.swt\EBWebView\Default
2026-08-07 18:37:03.104: [INFO] Profiles total count: 1
2026-08-07 18:37:03.104: [INFO] Profile: name=Profile 1 path=D:\newEclips\ProjectSpringBoot\.metadata\.plugins\org.eclipse.swt\EBWebView\Default lastActive=2026-08-07T15:46:04.761Z
2026-08-07 18:37:03.104: [INFO] LastUsedProfileDir: D:\newEclips\ProjectSpringBoot\.metadata\.plugins\org.eclipse.swt\EBWebView\Default
2026-08-07 18:37:03.104: [INFO] MostRecentlyActiveProfile: name=Profile 1 path=D:\newEclips\ProjectSpringBoot\.metadata\.plugins\org.eclipse.swt\EBWebView\Default lastActive=2026-08-07T15:46:04.761Z
2026-08-07 18:37:03.104: [INFO] OnDoneLoading sync enabled: 0
2026-08-07 18:37:03.104: [INFO] BookmarkModelLoaded, ids_reassigned: 0
2026-08-07 18:37:03.104: [INFO] BookmarksLoadDropped droppedNodes=0
2026-08-07 18:37:03.104: [INFO] BookmarksSnapshot Startup total=0 bar=0 other=0 mobile=0 showBar=0 showBarNTP=1
2026-08-07 18:38:42.710: [INFO] BookmarksSnapshot Shutdown total=0 bar=0 other=0 mobile=0 showBar=0 showBarNTP=1
2026-08-07 18:38:45.380: [INFO] CurrentProfilePath: D:\newEclips\ProjectSpringBoot\.metadata\.plugins\org.eclipse.swt\EBWebView\Default
2026-08-07 18:38:45.380: [INFO] Profiles total count: 1
2026-08-07 18:38:45.380: [INFO] Profile: name=Profile 1 path=D:\newEclips\ProjectSpringBoot\.metadata\.plugins\org.eclipse.swt\EBWebView\Default lastActive=2026-08-07T15:46:04.761Z
2026-08-07 18:38:45.380: [INFO] LastUsedProfileDir: D:\newEclips\ProjectSpringBoot\.metadata\.plugins\org.eclipse.swt\EBWebView\Default
2026-08-07 18:38:45.380: [INFO] MostRecentlyActiveProfile: name=Profile 1 path=D:\newEclips\ProjectSpringBoot\.metadata\.plugins\org.eclipse.swt\EBWebView\Default lastActive=2026-08-07T15:46:04.761Z
2026-08-07 18:38:45.380: [INFO] OnDoneLoading sync enabled: 0
2026-08-07 18:38:45.380: [INFO] BookmarkModelLoaded, ids_reassigned: 0
2026-08-07 18:38:45.380: [INFO] BookmarksLoadDropped droppedNodes=0
2026-08-07 18:38:45.380: [INFO] BookmarksSnapshot Startup total=0 bar=0 other=0 mobile=0 showBar=0 showBarNTP=1
2026-08-07 18:38:47.640: [INFO] BookmarksSnapshot Shutdown total=0 bar=0 other=0 mobile=0 showBar=0 showBarNTP=1
2026-08-07 18:43:00.351: [INFO] CurrentProfilePath: D:\newEclips\ProjectSpringBoot\.metadata\.plugins\org.eclipse.swt\EBWebView\Default
2026-08-07 18:43:00.351: [INFO] Profiles total count: 1
2026-08-07 18:43:00.351: [INFO] Profile: name=Profile 1 path=D:\newEclips\ProjectSpringBoot\.metadata\.plugins\org.eclipse.swt\EBWebView\Default lastActive=2026-08-07T15:46:04.761Z
2026-08-07 18:43:00.351: [INFO] LastUsedProfileDir: D:\newEclips\ProjectSpringBoot\.metadata\.plugins\org.eclipse.swt\EBWebView\Default
2026-08-07 18:43:00.351: [INFO] MostRecentlyActiveProfile: name=Profile 1 path=D:\newEclips\ProjectSpringBoot\.metadata\.plugins\org.eclipse.swt\EBWebView\Default lastActive=2026-08-07T15:46:04.761Z
2026-08-07 18:43:00.351: [INFO] OnDoneLoading sync enabled: 0
2026-08-07 18:43:00.351: [INFO] BookmarkModelLoaded, ids_reassigned: 0
2026-08-07 18:43:00.351: [INFO] BookmarksLoadDropped droppedNodes=0
2026-08-07 18:43:00.351: [INFO] BookmarksSnapshot Startup total=0 bar=0 other=0 mobile=0 showBar=0 showBarNTP=1
2026-08-07 18:44:59.297: [INFO] BookmarksSnapshot Shutdown total=0 bar=0 other=0 mobile=0 showBar=0 showBarNTP=1
2026-08-07 18:50:46.280: [INFO] CurrentProfilePath: D:\newEclips\ProjectSpringBoot\.metadata\.plugins\org.eclipse.swt\EBWebView\Default
2026-08-07 18:50:46.280: [INFO] Profiles total count: 1
2026-08-07 18:50:46.281: [INFO] Profile: name=Profile 1 path=D:\newEclips\ProjectSpringBoot\.metadata\.plugins\org.eclipse.swt\EBWebView\Default lastActive=2026-08-07T15:46:04.761Z
2026-08-07 18:50:46.281: [INFO] LastUsedProfileDir: D:\newEclips\ProjectSpringBoot\.metadata\.plugins\org.eclipse.swt\EBWebView\Default
2026-08-07 18:50:46.281: [INFO] MostRecentlyActiveProfile: name=Profile 1 path=D:\newEclips\ProjectSpringBoot\.metadata\.plugins\org.eclipse.swt\EBWebView\Default lastActive=2026-08-07T15:46:04.761Z
2026-08-07 18:50:46.281: [INFO] OnDoneLoading sync enabled: 0
2026-08-07 18:50:46.281: [INFO] BookmarkModelLoaded, ids_reassigned: 0
2026-08-07 18:50:46.281: [INFO] BookmarksLoadDropped droppedNodes=0
2026-08-07 18:50:46.281: [INFO] BookmarksSnapshot Startup total=0 bar=0 other=0 mobile=0 showBar=0 showBarNTP=1
2026-08-07 18:52:52.343: [INFO] BookmarksSnapshot Shutdown total=0 bar=0 other=0 mobile=0 showBar=0 showBarNTP=1
2026-08-07 18:53:35.669: [INFO] CurrentProfilePath: D:\newEclips\ProjectSpringBoot\.metadata\.plugins\org.eclipse.swt\EBWebView\Default
2026-08-07 18:53:35.669: [INFO] Profiles total count: 1
2026-08-07 18:53:35.669: [INFO] Profile: name=Profile 1 path=D:\newEclips\ProjectSpringBoot\.metadata\.plugins\org.eclipse.swt\EBWebView\Default lastActive=2026-08-07T15:46:04.761Z
2026-08-07 18:53:35.669: [INFO] LastUsedProfileDir: D:\newEclips\ProjectSpringBoot\.metadata\.plugins\org.eclipse.swt\EBWebView\Default
2026-08-07 18:53:35.669: [INFO] MostRecentlyActiveProfile: name=Profile 1 path=D:\newEclips\ProjectSpringBoot\.metadata\.plugins\org.eclipse.swt\EBWebView\Default lastActive=2026-08-07T15:46:04.761Z
2026-08-07 18:53:35.669: [INFO] OnDoneLoading sync enabled: 0
2026-08-07 18:53:35.669: [INFO] BookmarkModelLoaded, ids_reassigned: 0
2026-08-07 18:53:35.669: [INFO] BookmarksLoadDropped droppedNodes=0
2026-08-07 18:53:35.669: [INFO] BookmarksSnapshot Startup total=0 bar=0 other=0 mobile=0 showBar=0 showBarNTP=1
2026-08-07 18:53:39.304: [INFO] BookmarksSnapshot Shutdown total=0 bar=0 other=0 mobile=0 showBar=0 showBarNTP=1
2026-08-07 18:56:12.631: [INFO] CurrentProfilePath: D:\newEclips\ProjectSpringBoot\.metadata\.plugins\org.eclipse.swt\EBWebView\Default
2026-08-07 18:56:12.631: [INFO] Profiles total count: 1
2026-08-07 18:56:12.632: [INFO] Profile: name=Profile 1 path=D:\newEclips\ProjectSpringBoot\.metadata\.plugins\org.eclipse.swt\EBWebView\Default lastActive=2026-08-07T15:46:04.761Z
2026-08-07 18:56:12.632: [INFO] LastUsedProfileDir: D:\newEclips\ProjectSpringBoot\.metadata\.plugins\org.eclipse.swt\EBWebView\Default
2026-08-07 18:56:12.632: [INFO] MostRecentlyActiveProfile: name=Profile 1 path=D:\newEclips\ProjectSpringBoot\.metadata\.plugins\org.eclipse.swt\EBWebView\Default lastActive=2026-08-07T15:46:04.761Z
2026-08-07 18:56:12.632: [INFO] OnDoneLoading sync enabled: 0
2026-08-07 18:56:12.632: [INFO] BookmarkModelLoaded, ids_reassigned: 0
2026-08-07 18:56:12.632: [INFO] BookmarksLoadDropped droppedNodes=0
2026-08-07 18:56:12.632: [INFO] BookmarksSnapshot Startup total=0 bar=0 other=0 mobile=0 showBar=0 showBarNTP=1
2026-08-07 19:48:15.427: [INFO] BookmarksSnapshot Shutdown total=0 bar=0 other=0 mobile=0 showBar=0 showBarNTP=1
2026-08-07 20:02:38.453: [INFO] CurrentProfilePath: D:\newEclips\ProjectSpringBoot\.metadata\.plugins\org.eclipse.swt\EBWebView\Default
2026-08-07 20:02:38.453: [INFO] Profiles total count: 1
2026-08-07 20:02:38.455: [INFO] Profile: name=Profile 1 path=D:\newEclips\ProjectSpringBoot\.metadata\.plugins\org.eclipse.swt\EBWebView\Default lastActive=2026-08-07T15:46:04.761Z
2026-08-07 20:02:38.455: [INFO] LastUsedProfileDir: D:\newEclips\ProjectSpringBoot\.metadata\.plugins\org.eclipse.swt\EBWebView\Default
2026-08-07 20:02:38.455: [INFO] MostRecentlyActiveProfile: name=Profile 1 path=D:\newEclips\ProjectSpringBoot\.metadata\.plugins\org.eclipse.swt\EBWebView\Default lastActive=2026-08-07T15:46:04.761Z
2026-08-07 20:02:38.455: [INFO] OnDoneLoading sync enabled: 0
2026-08-07 20:02:38.455: [INFO] BookmarkModelLoaded, ids_reassigned: 0
2026-08-07 20:02:38.455: [INFO] BookmarksLoadDropped droppedNodes=0
2026-08-07 20:02:38.455: [INFO] BookmarksSnapshot Startup total=0 bar=0 other=0 mobile=0 showBar=0 showBarNTP=1
2026-08-07 20:21:12.813: [INFO] BookmarksSnapshot Shutdown total=0 bar=0 other=0 mobile=0 showBar=0 showBarNTP=1
2026-08-07 20:22:23.178: [INFO] CurrentProfilePath: D:\newEclips\ProjectSpringBoot\.metadata\.plugins\org.eclipse.swt\EBWebView\Default
2026-08-07 20:22:23.178: [INFO] Profiles total count: 1
2026-08-07 20:22:23.179: [INFO] Profile: name=Profile 1 path=D:\newEclips\ProjectSpringBoot\.metadata\.plugins\org.eclipse.swt\EBWebView\Default lastActive=2026-08-07T15:46:04.761Z
2026-08-07 20:22:23.179: [INFO] LastUsedProfileDir: D:\newEclips\ProjectSpringBoot\.metadata\.plugins\org.eclipse.swt\EBWebView\Default
2026-08-07 20:22:23.179: [INFO] MostRecentlyActiveProfile: name=Profile 1 path=D:\newEclips\ProjectSpringBoot\.metadata\.plugins\org.eclipse.swt\EBWebView\Default lastActive=2026-08-07T15:46:04.761Z
2026-08-07 20:22:23.179: [INFO] OnDoneLoading sync enabled: 0
2026-08-07 20:22:23.179: [INFO] BookmarkModelLoaded, ids_reassigned: 0
2026-08-07 20:22:23.179: [INFO] BookmarksLoadDropped droppedNodes=0
2026-08-07 20:22:23.179: [INFO] BookmarksSnapshot Startup total=0 bar=0 other=0 mobile=0 showBar=0 showBarNTP=1
2026-08-07 20:22:53.942: [INFO] BookmarksSnapshot Shutdown total=0 bar=0 other=0 mobile=0 showBar=0 showBarNTP=1
2026-08-08 05:21:10.298: [INFO] CurrentProfilePath: D:\newEclips\ProjectSpringBoot\.metadata\.plugins\org.eclipse.swt\EBWebView\Default
2026-08-08 05:21:10.298: [INFO] Profiles total count: 1
2026-08-08 05:21:10.299: [INFO] Profile: name=Profile 1 path=D:\newEclips\ProjectSpringBoot\.metadata\.plugins\org.eclipse.swt\EBWebView\Default lastActive=2026-08-07T15:46:04.761Z
2026-08-08 05:21:10.299: [INFO] LastUsedProfileDir: D:\newEclips\ProjectSpringBoot\.metadata\.plugins\org.eclipse.swt\EBWebView\Default
2026-08-08 05:21:10.300: [INFO] MostRecentlyActiveProfile: name=Profile 1 path=D:\newEclips\ProjectSpringBoot\.metadata\.plugins\org.eclipse.swt\EBWebView\Default lastActive=2026-08-07T15:46:04.761Z
2026-08-08 05:21:10.300: [INFO] OnDoneLoading sync enabled: 0
2026-08-08 05:21:10.300: [INFO] BookmarkModelLoaded, ids_reassigned: 0
2026-08-08 05:21:10.300: [INFO] BookmarksLoadDropped droppedNodes=0
2026-08-08 05:21:10.300: [INFO] BookmarksSnapshot Startup total=0 bar=0 other=0 mobile=0 showBar=0 showBarNTP=1
2026-08-08 15:05:30.101: [INFO] BookmarksSnapshot Shutdown total=0 bar=0 other=0 mobile=0 showBar=0 showBarNTP=1
2026-08-08 19:01:48.715: [INFO] CurrentProfilePath: D:\newEclips\ProjectSpringBoot\.metadata\.plugins\org.eclipse.swt\EBWebView\Default
2026-08-08 19:01:48.715: [INFO] Profiles total count: 1
2026-08-08 19:01:48.715: [INFO] Profile: name=Profile 1 path=D:\newEclips\ProjectSpringBoot\.metadata\.plugins\org.eclipse.swt\EBWebView\Default lastActive=2026-08-08T05:30:11.683Z
2026-08-08 19:01:48.715: [INFO] LastUsedProfileDir: D:\newEclips\ProjectSpringBoot\.metadata\.plugins\org.eclipse.swt\EBWebView\Default
2026-08-08 19:01:48.716: [INFO] MostRecentlyActiveProfile: name=Profile 1 path=D:\newEclips\ProjectSpringBoot\.metadata\.plugins\org.eclipse.swt\EBWebView\Default lastActive=2026-08-08T05:30:11.683Z
2026-08-08 19:01:48.716: [INFO] OnDoneLoading sync enabled: 0
2026-08-08 19:01:48.716: [INFO] BookmarkModelLoaded, ids_reassigned: 0
2026-08-08 19:01:48.716: [INFO] BookmarksLoadDropped droppedNodes=0
2026-08-08 19:01:48.716: [INFO] BookmarksSnapshot Startup total=0 bar=0 other=0 mobile=0 showBar=0 showBarNTP=1
2026-08-08 19:25:10.878: [INFO] BookmarksSnapshot Shutdown total=0 bar=0 other=0 mobile=0 showBar=0 showBarNTP=1
2026-08-12 16:46:49.556: [INFO] CurrentProfilePath: D:\newEclips\ProjectSpringBoot\.metadata\.plugins\org.eclipse.swt\EBWebView\Default
2026-08-12 16:46:49.556: [INFO] Profiles total count: 1
2026-08-12 16:46:49.560: [INFO] Profile: name=Profile 1 path=D:\newEclips\ProjectSpringBoot\.metadata\.plugins\org.eclipse.swt\EBWebView\Default lastActive=2026-08-08T19:08:49.018Z
2026-08-12 16:46:49.560: [INFO] LastUsedProfileDir: D:\newEclips\ProjectSpringBoot\.metadata\.plugins\org.eclipse.swt\EBWebView\Default
2026-08-12 16:46:49.560: [INFO] MostRecentlyActiveProfile: name=Profile 1 path=D:\newEclips\ProjectSpringBoot\.metadata\.plugins\org.eclipse.swt\EBWebView\Default lastActive=2026-08-08T19:08:49.018Z
2026-08-12 16:46:49.560: [INFO] OnDoneLoading sync enabled: 0
2026-08-12 16:46:49.560: [INFO] BookmarkModelLoaded, ids_reassigned: 0
2026-08-12 16:46:49.560: [INFO] BookmarksLoadDropped droppedNodes=0
2026-08-12 16:46:49.560: [INFO] BookmarksSnapshot Startup total=0 bar=0 other=0 mobile=0 showBar=0 showBarNTP=1
2026-08-12 17:21:53.448: [INFO] CurrentProfilePath: D:\newEclips\ProjectSpringBoot\.metadata\.plugins\org.eclipse.swt\EBWebView\Default
2026-08-12 17:21:53.448: [INFO] Profiles total count: 1
2026-08-12 17:21:53.450: [INFO] Profile: name=Profile 1 path=D:\newEclips\ProjectSpringBoot\.metadata\.plugins\org.eclipse.swt\EBWebView\Default lastActive=2026-08-12T17:17:09.084Z
2026-08-12 17:21:53.450: [INFO] LastUsedProfileDir: D:\newEclips\ProjectSpringBoot\.metadata\.plugins\org.eclipse.swt\EBWebView\Default
2026-08-12 17:21:53.450: [INFO] MostRecentlyActiveProfile: name=Profile 1 path=D:\newEclips\ProjectSpringBoot\.metadata\.plugins\org.eclipse.swt\EBWebView\Default lastActive=2026-08-12T17:17:09.084Z
2026-08-12 17:21:53.450: [INFO] OnDoneLoading sync enabled: 0
2026-08-12 17:21:53.450: [INFO] BookmarkModelLoaded, ids_reassigned: 0
2026-08-12 17:21:53.450: [INFO] BookmarksLoadDropped droppedNodes=0
2026-08-12 17:21:53.450: [INFO] BookmarksSnapshot Startup total=0 bar=0 other=0 mobile=0 showBar=0 showBarNTP=1
2026-08-12 17:33:29.149: [INFO] BookmarksSnapshot Shutdown total=0 bar=0 other=0 mobile=0 showBar=0 showBarNTP=1
2026-08-12 17:40:56.310: [INFO] CurrentProfilePath: D:\newEclips\ProjectSpringBoot\.metadata\.plugins\org.eclipse.swt\EBWebView\Default
2026-08-12 17:40:56.310: [INFO] Profiles total count: 1
2026-08-12 17:40:56.311: [INFO] Profile: name=Profile 1 path=D:\newEclips\ProjectSpringBoot\.metadata\.plugins\org.eclipse.swt\EBWebView\Default lastActive=2026-08-12T17:17:09.084Z
2026-08-12 17:40:56.311: [INFO] LastUsedProfileDir: D:\newEclips\ProjectSpringBoot\.metadata\.plugins\org.eclipse.swt\EBWebView\Default
2026-08-12 17:40:56.311: [INFO] MostRecentlyActiveProfile: name=Profile 1 path=D:\newEclips\ProjectSpringBoot\.metadata\.plugins\org.eclipse.swt\EBWebView\Default lastActive=2026-08-12T17:17:09.084Z
2026-08-12 17:40:56.311: [INFO] OnDoneLoading sync enabled: 0
2026-08-12 17:40:56.311: [INFO] BookmarkModelLoaded, ids_reassigned: 0
2026-08-12 17:40:56.311: [INFO] BookmarksLoadDropped droppedNodes=0
2026-08-12 17:40:56.311: [INFO] BookmarksSnapshot Startup total=0 bar=0 other=0 mobile=0 showBar=0 showBarNTP=1
2026-08-12 17:41:00.378: [INFO] BookmarksSnapshot Shutdown total=0 bar=0 other=0 mobile=0 showBar=0 showBarNTP=1
2026-08-12 17:42:42.641: [INFO] CurrentProfilePath: D:\newEclips\ProjectSpringBoot\.metadata\.plugins\org.eclipse.swt\EBWebView\Default
2026-08-12 17:42:42.641: [INFO] Profiles total count: 1
2026-08-12 17:42:42.642: [INFO] Profile: name=Profile 1 path=D:\newEclips\ProjectSpringBoot\.metadata\.plugins\org.eclipse.swt\EBWebView\Default lastActive=2026-08-12T17:17:09.084Z
2026-08-12 17:42:42.642: [INFO] LastUsedProfileDir: D:\newEclips\ProjectSpringBoot\.metadata\.plugins\org.eclipse.swt\EBWebView\Default
2026-08-12 17:42:42.642: [INFO] MostRecentlyActiveProfile: name=Profile 1 path=D:\newEclips\ProjectSpringBoot\.metadata\.plugins\org.eclipse.swt\EBWebView\Default lastActive=2026-08-12T17:17:09.084Z
2026-08-12 17:42:42.642: [INFO] OnDoneLoading sync enabled: 0
2026-08-12 17:42:42.642: [INFO] BookmarkModelLoaded, ids_reassigned: 0
2026-08-12 17:42:42.642: [INFO] BookmarksLoadDropped droppedNodes=0
2026-08-12 17:42:42.642: [INFO] BookmarksSnapshot Startup total=0 bar=0 other=0 mobile=0 showBar=0 showBarNTP=1
2026-08-12 17:42:45.840: [INFO] BookmarksSnapshot Shutdown total=0 bar=0 other=0 mobile=0 showBar=0 showBarNTP=1
2026-08-12 17:45:59.412: [INFO] CurrentProfilePath: D:\newEclips\ProjectSpringBoot\.metadata\.plugins\org.eclipse.swt\EBWebView\Default
2026-08-12 17:45:59.412: [INFO] Profiles total count: 1
2026-08-12 17:45:59.412: [INFO] Profile: name=Profile 1 path=D:\newEclips\ProjectSpringBoot\.metadata\.plugins\org.eclipse.swt\EBWebView\Default lastActive=2026-08-12T17:17:09.084Z
2026-08-12 17:45:59.412: [INFO] LastUsedProfileDir: D:\newEclips\ProjectSpringBoot\.metadata\.plugins\org.eclipse.swt\EBWebView\Default
2026-08-12 17:45:59.412: [INFO] MostRecentlyActiveProfile: name=Profile 1 path=D:\newEclips\ProjectSpringBoot\.metadata\.plugins\org.eclipse.swt\EBWebView\Default lastActive=2026-08-12T17:17:09.084Z
2026-08-12 17:45:59.412: [INFO] OnDoneLoading sync enabled: 0
2026-08-12 17:45:59.412: [INFO] BookmarkModelLoaded, ids_reassigned: 0
2026-08-12 17:45:59.412: [INFO] BookmarksLoadDropped droppedNodes=0
2026-08-12 17:45:59.412: [INFO] BookmarksSnapshot Startup total=0 bar=0 other=0 mobile=0 showBar=0 showBarNTP=1
2026-08-12 18:04:09.898: [INFO] BookmarksSnapshot Shutdown total=0 bar=0 other=0 mobile=0 showBar=0 showBarNTP=1
2026-08-12 18:07:41.797: [INFO] CurrentProfilePath: D:\newEclips\ProjectSpringBoot\.metadata\.plugins\org.eclipse.swt\EBWebView\Default
2026-08-12 18:07:41.797: [INFO] Profiles total count: 1
2026-08-12 18:07:41.798: [INFO] Profile: name=Profile 1 path=D:\newEclips\ProjectSpringBoot\.metadata\.plugins\org.eclipse.swt\EBWebView\Default lastActive=2026-08-12T17:17:09.084Z
2026-08-12 18:07:41.798: [INFO] LastUsedProfileDir: D:\newEclips\ProjectSpringBoot\.metadata\.plugins\org.eclipse.swt\EBWebView\Default
2026-08-12 18:07:41.798: [INFO] MostRecentlyActiveProfile: name=Profile 1 path=D:\newEclips\ProjectSpringBoot\.metadata\.plugins\org.eclipse.swt\EBWebView\Default lastActive=2026-08-12T17:17:09.084Z
2026-08-12 18:07:41.798: [INFO] OnDoneLoading sync enabled: 0
2026-08-12 18:07:41.798: [INFO] BookmarkModelLoaded, ids_reassigned: 0
2026-08-12 18:07:41.798: [INFO] BookmarksLoadDropped droppedNodes=0
2026-08-12 18:07:41.798: [INFO] BookmarksSnapshot Startup total=0 bar=0 other=0 mobile=0 showBar=0 showBarNTP=1
2026-08-12 18:07:52.221: [INFO] BookmarksSnapshot Shutdown total=0 bar=0 other=0 mobile=0 showBar=0 showBarNTP=1
2026-08-12 18:12:04.524: [INFO] CurrentProfilePath: D:\newEclips\ProjectSpringBoot\.metadata\.plugins\org.eclipse.swt\EBWebView\Default
2026-08-12 18:12:04.524: [INFO] Profiles total count: 1
2026-08-12 18:12:04.527: [INFO] Profile: name=Profile 1 path=D:\newEclips\ProjectSpringBoot\.metadata\.plugins\org.eclipse.swt\EBWebView\Default lastActive=2026-08-12T17:17:09.084Z
2026-08-12 18:12:04.527: [INFO] LastUsedProfileDir: D:\newEclips\ProjectSpringBoot\.metadata\.plugins\org.eclipse.swt\EBWebView\Default
2026-08-12 18:12:04.527: [INFO] MostRecentlyActiveProfile: name=Profile 1 path=D:\newEclips\ProjectSpringBoot\.metadata\.plugins\org.eclipse.swt\EBWebView\Default lastActive=2026-08-12T17:17:09.084Z
2026-08-12 18:12:04.527: [INFO] OnDoneLoading sync enabled: 0
2026-08-12 18:12:04.527: [INFO] BookmarkModelLoaded, ids_reassigned: 0
2026-08-12 18:12:04.527: [INFO] BookmarksLoadDropped droppedNodes=0
2026-08-12 18:12:04.527: [INFO] BookmarksSnapshot Startup total=0 bar=0 other=0 mobile=0 showBar=0 showBarNTP=1
2026-08-12 18:13:04.307: [INFO] BookmarksSnapshot Shutdown total=0 bar=0 other=0 mobile=0 showBar=0 showBarNTP=1
2026-08-12 18:15:35.442: [INFO] CurrentProfilePath: D:\newEclips\ProjectSpringBoot\.metadata\.plugins\org.eclipse.swt\EBWebView\Default
2026-08-12 18:15:35.442: [INFO] Profiles total count: 1
2026-08-12 18:15:35.445: [INFO] Profile: name=Profile 1 path=D:\newEclips\ProjectSpringBoot\.metadata\.plugins\org.eclipse.swt\EBWebView\Default lastActive=2026-08-12T17:17:09.084Z
2026-08-12 18:15:35.445: [INFO] LastUsedProfileDir: D:\newEclips\ProjectSpringBoot\.metadata\.plugins\org.eclipse.swt\EBWebView\Default
2026-08-12 18:15:35.445: [INFO] MostRecentlyActiveProfile: name=Profile 1 path=D:\newEclips\ProjectSpringBoot\.metadata\.plugins\org.eclipse.swt\EBWebView\Default lastActive=2026-08-12T17:17:09.084Z
2026-08-12 18:15:35.445: [INFO] OnDoneLoading sync enabled: 0
2026-08-12 18:15:35.445: [INFO] BookmarkModelLoaded, ids_reassigned: 0
2026-08-12 18:15:35.445: [INFO] BookmarksLoadDropped droppedNodes=0
2026-08-12 18:15:35.445: [INFO] BookmarksSnapshot Startup total=0 bar=0 other=0 mobile=0 showBar=0 showBarNTP=1
2026-08-12 18:24:08.978: [INFO] BookmarksSnapshot Shutdown total=0 bar=0 other=0 mobile=0 showBar=0 showBarNTP=1
2026-08-12 18:33:21.473: [INFO] CurrentProfilePath: D:\newEclips\ProjectSpringBoot\.metadata\.plugins\org.eclipse.swt\EBWebView\Default
2026-08-12 18:33:21.473: [INFO] Profiles total count: 1
2026-08-12 18:33:21.474: [INFO] Profile: name=Profile 1 path=D:\newEclips\ProjectSpringBoot\.metadata\.plugins\org.eclipse.swt\EBWebView\Default lastActive=2026-08-12T17:17:09.084Z
2026-08-12 18:33:21.474: [INFO] LastUsedProfileDir: D:\newEclips\ProjectSpringBoot\.metadata\.plugins\org.eclipse.swt\EBWebView\Default
2026-08-12 18:33:21.474: [INFO] MostRecentlyActiveProfile: name=Profile 1 path=D:\newEclips\ProjectSpringBoot\.metadata\.plugins\org.eclipse.swt\EBWebView\Default lastActive=2026-08-12T17:17:09.084Z
2026-08-12 18:33:21.474: [INFO] OnDoneLoading sync enabled: 0
2026-08-12 18:33:21.474: [INFO] BookmarkModelLoaded, ids_reassigned: 0
2026-08-12 18:33:21.474: [INFO] BookmarksLoadDropped droppedNodes=0
2026-08-12 18:33:21.474: [INFO] BookmarksSnapshot Startup total=0 bar=0 other=0 mobile=0 showBar=0 showBarNTP=1
2026-08-12 18:42:11.518: [INFO] BookmarksSnapshot Shutdown total=0 bar=0 other=0 mobile=0 showBar=0 showBarNTP=1
2026-08-12 18:45:56.133: [INFO] CurrentProfilePath: D:\newEclips\ProjectSpringBoot\.metadata\.plugins\org.eclipse.swt\EBWebView\Default
2026-08-12 18:45:56.133: [INFO] Profiles total count: 1
2026-08-12 18:45:56.134: [INFO] Profile: name=Profile 1 path=D:\newEclips\ProjectSpringBoot\.metadata\.plugins\org.eclipse.swt\EBWebView\Default lastActive=2026-08-12T17:17:09.084Z
2026-08-12 18:45:56.134: [INFO] LastUsedProfileDir: D:\newEclips\ProjectSpringBoot\.metadata\.plugins\org.eclipse.swt\EBWebView\Default
2026-08-12 18:45:56.134: [INFO] MostRecentlyActiveProfile: name=Profile 1 path=D:\newEclips\ProjectSpringBoot\.metadata\.plugins\org.eclipse.swt\EBWebView\Default lastActive=2026-08-12T17:17:09.084Z
2026-08-12 18:45:56.134: [INFO] OnDoneLoading sync enabled: 0
2026-08-12 18:45:56.134: [INFO] BookmarkModelLoaded, ids_reassigned: 0
2026-08-12 18:45:56.134: [INFO] BookmarksLoadDropped droppedNodes=0
2026-08-12 18:45:56.134: [INFO] BookmarksSnapshot Startup total=0 bar=0 other=0 mobile=0 showBar=0 showBarNTP=1
2026-08-12 20:05:55.063: [INFO] BookmarksSnapshot Shutdown total=0 bar=0 other=0 mobile=0 showBar=0 showBarNTP=1
2026-08-13 05:36:14.696: [INFO] CurrentProfilePath: D:\newEclips\ProjectSpringBoot\.metadata\.plugins\org.eclipse.swt\EBWebView\Default
2026-08-13 05:36:14.696: [INFO] Profiles total count: 1
2026-08-13 05:36:14.696: [INFO] Profile: name=Profile 1 path=D:\newEclips\ProjectSpringBoot\.metadata\.plugins\org.eclipse.swt\EBWebView\Default lastActive=2026-08-12T18:45:58.616Z
2026-08-13 05:36:14.696: [INFO] LastUsedProfileDir: D:\newEclips\ProjectSpringBoot\.metadata\.plugins\org.eclipse.swt\EBWebView\Default
2026-08-13 05:36:14.696: [INFO] MostRecentlyActiveProfile: name=Profile 1 path=D:\newEclips\ProjectSpringBoot\.metadata\.plugins\org.eclipse.swt\EBWebView\Default lastActive=2026-08-12T18:45:58.616Z
2026-08-13 05:36:14.696: [INFO] OnDoneLoading sync enabled: 0
2026-08-13 05:36:14.696: [INFO] BookmarkModelLoaded, ids_reassigned: 0
2026-08-13 05:36:14.696: [INFO] BookmarksLoadDropped droppedNodes=0
2026-08-13 05:36:14.696: [INFO] BookmarksSnapshot Startup total=0 bar=0 other=0 mobile=0 showBar=0 showBarNTP=1
2026-08-13 16:19:42.106: [INFO] BookmarksSnapshot Shutdown total=0 bar=0 other=0 mobile=0 showBar=0 showBarNTP=1
2026-08-15 10:08:48.779: [INFO] CurrentProfilePath: D:\newEclips\ProjectSpringBoot\.metadata\.plugins\org.eclipse.swt\EBWebView\Default
2026-08-15 10:08:48.779: [INFO] Profiles total count: 1
2026-08-15 10:08:48.781: [INFO] Profile: name=Profile 1 path=D:\newEclips\ProjectSpringBoot\.metadata\.plugins\org.eclipse.swt\EBWebView\Default lastActive=2026-08-13T05:37:33.083Z
2026-08-15 10:08:48.781: [INFO] LastUsedProfileDir: D:\newEclips\ProjectSpringBoot\.metadata\.plugins\org.eclipse.swt\EBWebView\Default
2026-08-15 10:08:48.782: [INFO] MostRecentlyActiveProfile: name=Profile 1 path=D:\newEclips\ProjectSpringBoot\.metadata\.plugins\org.eclipse.swt\EBWebView\Default lastActive=2026-08-13T05:37:33.083Z
2026-08-15 10:08:48.782: [INFO] OnDoneLoading sync enabled: 0
2026-08-15 10:08:48.782: [INFO] BookmarkModelLoaded, ids_reassigned: 0
2026-08-15 10:08:48.782: [INFO] BookmarksLoadDropped droppedNodes=0
2026-08-15 10:08:48.782: [INFO] BookmarksSnapshot Startup total=0 bar=0 other=0 mobile=0 showBar=0 showBarNTP=1
2026-08-16 17:22:24.157: [INFO] CurrentProfilePath: D:\newEclips\ProjectSpringBoot\.metadata\.plugins\org.eclipse.swt\EBWebView\Default
2026-08-16 17:22:24.157: [INFO] Profiles total count: 1
2026-08-16 17:22:24.160: [INFO] Profile: name=Profile 1 path=D:\newEclips\ProjectSpringBoot\.metadata\.plugins\org.eclipse.swt\EBWebView\Default lastActive=2026-08-16T06:50:49.114Z
2026-08-16 17:22:24.160: [INFO] LastUsedProfileDir: D:\newEclips\ProjectSpringBoot\.metadata\.plugins\org.eclipse.swt\EBWebView\Default
2026-08-16 17:22:24.160: [INFO] MostRecentlyActiveProfile: name=Profile 1 path=D:\newEclips\ProjectSpringBoot\.metadata\.plugins\org.eclipse.swt\EBWebView\Default lastActive=2026-08-16T06:50:49.114Z
2026-08-16 17:22:24.160: [INFO] OnDoneLoading sync enabled: 0
2026-08-16 17:22:24.160: [INFO] BookmarkModelLoaded, ids_reassigned: 0
2026-08-16 17:22:24.160: [INFO] BookmarksLoadDropped droppedNodes=0
2026-08-16 17:22:24.160: [INFO] BookmarksSnapshot Startup total=0 bar=0 other=0 mobile=0 showBar=0 showBarNTP=1
2026-08-16 17:26:20.459: [INFO] BookmarksSnapshot Shutdown total=0 bar=0 other=0 mobile=0 showBar=0 showBarNTP=1
2026-08-16 17:29:05.051: [INFO] CurrentProfilePath: D:\newEclips\ProjectSpringBoot\.metadata\.plugins\org.eclipse.swt\EBWebView\Default
2026-08-16 17:29:05.051: [INFO] Profiles total count: 1
2026-08-16 17:29:05.052: [INFO] Profile: name=Profile 1 path=D:\newEclips\ProjectSpringBoot\.metadata\.plugins\org.eclipse.swt\EBWebView\Default lastActive=2026-08-16T06:50:49.114Z
2026-08-16 17:29:05.052: [INFO] LastUsedProfileDir: D:\newEclips\ProjectSpringBoot\.metadata\.plugins\org.eclipse.swt\EBWebView\Default
2026-08-16 17:29:05.052: [INFO] MostRecentlyActiveProfile: name=Profile 1 path=D:\newEclips\ProjectSpringBoot\.metadata\.plugins\org.eclipse.swt\EBWebView\Default lastActive=2026-08-16T06:50:49.114Z
2026-08-16 17:29:05.052: [INFO] OnDoneLoading sync enabled: 0
2026-08-16 17:29:05.052: [INFO] BookmarkModelLoaded, ids_reassigned: 0
2026-08-16 17:29:05.052: [INFO] BookmarksLoadDropped droppedNodes=0
2026-08-16 17:29:05.052: [INFO] BookmarksSnapshot Startup total=0 bar=0 other=0 mobile=0 showBar=0 showBarNTP=1
2026-08-16 17:50:33.834: [INFO] BookmarksSnapshot Shutdown total=0 bar=0 other=0 mobile=0 showBar=0 showBarNTP=1
2026-08-16 17:53:32.861: [INFO] CurrentProfilePath: D:\newEclips\ProjectSpringBoot\.metadata\.plugins\org.eclipse.swt\EBWebView\Default
2026-08-16 17:53:32.861: [INFO] Profiles total count: 1
2026-08-16 17:53:32.864: [INFO] Profile: name=Profile 1 path=D:\newEclips\ProjectSpringBoot\.metadata\.plugins\org.eclipse.swt\EBWebView\Default lastActive=2026-08-16T06:50:49.114Z
2026-08-16 17:53:32.864: [INFO] LastUsedProfileDir: D:\newEclips\ProjectSpringBoot\.metadata\.plugins\org.eclipse.swt\EBWebView\Default
2026-08-16 17:53:32.864: [INFO] MostRecentlyActiveProfile: name=Profile 1 path=D:\newEclips\ProjectSpringBoot\.metadata\.plugins\org.eclipse.swt\EBWebView\Default lastActive=2026-08-16T06:50:49.114Z
2026-08-16 17:53:32.864: [INFO] OnDoneLoading sync enabled: 0
2026-08-16 17:53:32.864: [INFO] BookmarkModelLoaded, ids_reassigned: 0
2026-08-16 17:53:32.864: [INFO] BookmarksLoadDropped droppedNodes=0
2026-08-16 17:53:32.864: [INFO] BookmarksSnapshot Startup total=0 bar=0 other=0 mobile=0 showBar=0 showBarNTP=1
2026-08-16 17:55:00.401: [INFO] BookmarksSnapshot Shutdown total=0 bar=0 other=0 mobile=0 showBar=0 showBarNTP=1
2026-08-16 17:56:01.210: [INFO] CurrentProfilePath: D:\newEclips\ProjectSpringBoot\.metadata\.plugins\org.eclipse.swt\EBWebView\Default
2026-08-16 17:56:01.211: [INFO] Profiles total count: 1
2026-08-16 17:56:01.213: [INFO] Profile: name=Profile 1 path=D:\newEclips\ProjectSpringBoot\.metadata\.plugins\org.eclipse.swt\EBWebView\Default lastActive=2026-08-16T06:50:49.114Z
2026-08-16 17:56:01.213: [INFO] LastUsedProfileDir: D:\newEclips\ProjectSpringBoot\.metadata\.plugins\org.eclipse.swt\EBWebView\Default
2026-08-16 17:56:01.213: [INFO] MostRecentlyActiveProfile: name=Profile 1 path=D:\newEclips\ProjectSpringBoot\.metadata\.plugins\org.eclipse.swt\EBWebView\Default lastActive=2026-08-16T06:50:49.114Z
2026-08-16 17:56:01.213: [INFO] OnDoneLoading sync enabled: 0
2026-08-16 17:56:01.213: [INFO] BookmarkModelLoaded, ids_reassigned: 0
2026-08-16 17:56:01.213: [INFO] BookmarksLoadDropped droppedNodes=0
2026-08-16 17:56:01.213: [INFO] BookmarksSnapshot Startup total=0 bar=0 other=0 mobile=0 showBar=0 showBarNTP=1
2026-08-16 18:13:22.171: [INFO] BookmarksSnapshot Shutdown total=0 bar=0 other=0 mobile=0 showBar=0 showBarNTP=1
2026-08-16 18:15:05.769: [INFO] CurrentProfilePath: D:\newEclips\ProjectSpringBoot\.metadata\.plugins\org.eclipse.swt\EBWebView\Default
2026-08-16 18:15:05.769: [INFO] Profiles total count: 1
2026-08-16 18:15:05.771: [INFO] Profile: name=Profile 1 path=D:\newEclips\ProjectSpringBoot\.metadata\.plugins\org.eclipse.swt\EBWebView\Default lastActive=2026-08-16T06:50:49.114Z
2026-08-16 18:15:05.771: [INFO] LastUsedProfileDir: D:\newEclips\ProjectSpringBoot\.metadata\.plugins\org.eclipse.swt\EBWebView\Default
2026-08-16 18:15:05.771: [INFO] MostRecentlyActiveProfile: name=Profile 1 path=D:\newEclips\ProjectSpringBoot\.metadata\.plugins\org.eclipse.swt\EBWebView\Default lastActive=2026-08-16T06:50:49.114Z
2026-08-16 18:15:05.771: [INFO] OnDoneLoading sync enabled: 0
2026-08-16 18:15:05.771: [INFO] BookmarkModelLoaded, ids_reassigned: 0
2026-08-16 18:15:05.771: [INFO] BookmarksLoadDropped droppedNodes=0
2026-08-16 18:15:05.771: [INFO] BookmarksSnapshot Startup total=0 bar=0 other=0 mobile=0 showBar=0 showBarNTP=1
2026-08-17 09:21:52.876: [INFO] CurrentProfilePath: D:\newEclips\ProjectSpringBoot\.metadata\.plugins\org.eclipse.swt\EBWebView\Default
2026-08-17 09:21:52.876: [INFO] Profiles total count: 1
2026-08-17 09:21:52.878: [INFO] Profile: name=Profile 1 path=D:\newEclips\ProjectSpringBoot\.metadata\.plugins\org.eclipse.swt\EBWebView\Default lastActive=2026-08-16T06:50:49.114Z
2026-08-17 09:21:52.878: [INFO] LastUsedProfileDir: D:\newEclips\ProjectSpringBoot\.metadata\.plugins\org.eclipse.swt\EBWebView\Default
2026-08-17 09:21:52.878: [INFO] MostRecentlyActiveProfile: name=Profile 1 path=D:\newEclips\ProjectSpringBoot\.metadata\.plugins\org.eclipse.swt\EBWebView\Default lastActive=2026-08-16T06:50:49.114Z
2026-08-17 09:21:52.878: [INFO] OnDoneLoading sync enabled: 0
2026-08-17 09:21:52.878: [INFO] BookmarkModelLoaded, ids_reassigned: 0
2026-08-17 09:21:52.878: [INFO] BookmarksLoadDropped droppedNodes=0
2026-08-17 09:21:52.878: [INFO] BookmarksSnapshot Startup total=0 bar=0 other=0 mobile=0 showBar=0 showBarNTP=1
2026-08-17 14:42:31.544: [INFO] BookmarksSnapshot Shutdown total=0 bar=0 other=0 mobile=0 showBar=0 showBarNTP=1
2026-08-17 15:55:37.645: [INFO] CurrentProfilePath: D:\newEclips\ProjectSpringBoot\.metadata\.plugins\org.eclipse.swt\EBWebView\Default
2026-08-17 15:55:37.645: [INFO] Profiles total count: 1
2026-08-17 15:55:37.647: [INFO] Profile: name=Profile 1 path=D:\newEclips\ProjectSpringBoot\.metadata\.plugins\org.eclipse.swt\EBWebView\Default lastActive=2026-08-16T06:50:49.114Z
2026-08-17 15:55:37.647: [INFO] LastUsedProfileDir: D:\newEclips\ProjectSpringBoot\.metadata\.plugins\org.eclipse.swt\EBWebView\Default
2026-08-17 15:55:37.647: [INFO] MostRecentlyActiveProfile: name=Profile 1 path=D:\newEclips\ProjectSpringBoot\.metadata\.plugins\org.eclipse.swt\EBWebView\Default lastActive=2026-08-16T06:50:49.114Z
2026-08-17 15:55:37.647: [INFO] OnDoneLoading sync enabled: 0
2026-08-17 15:55:37.647: [INFO] BookmarkModelLoaded, ids_reassigned: 0
2026-08-17 15:55:37.647: [INFO] BookmarksLoadDropped droppedNodes=0
2026-08-17 15:55:37.647: [INFO] BookmarksSnapshot Startup total=0 bar=0 other=0 mobile=0 showBar=0 showBarNTP=1
2026-08-21 18:13:56.051: [INFO] CurrentProfilePath: D:\newEclips\ProjectSpringBoot\.metadata\.plugins\org.eclipse.swt\EBWebView\Default
2026-08-21 18:13:56.051: [INFO] Profiles total count: 1
2026-08-21 18:13:56.056: [INFO] Profile: name=Profile 1 path=D:\newEclips\ProjectSpringBoot\.metadata\.plugins\org.eclipse.swt\EBWebView\Default lastActive=2026-08-17T16:04:51.714Z
2026-08-21 18:13:56.056: [INFO] LastUsedProfileDir: D:\newEclips\ProjectSpringBoot\.metadata\.plugins\org.eclipse.swt\EBWebView\Default
2026-08-21 18:13:56.056: [INFO] MostRecentlyActiveProfile: name=Profile 1 path=D:\newEclips\ProjectSpringBoot\.metadata\.plugins\org.eclipse.swt\EBWebView\Default lastActive=2026-08-17T16:04:51.714Z
2026-08-21 18:13:56.056: [INFO] OnDoneLoading sync enabled: 0
2026-08-21 18:13:56.056: [INFO] BookmarkModelLoaded, ids_reassigned: 0
2026-08-21 18:13:56.056: [INFO] BookmarksLoadDropped droppedNodes=0
2026-08-21 18:13:56.056: [INFO] BookmarksSnapshot Startup total=0 bar=0 other=0 mobile=0 showBar=0 showBarNTP=1
2026-08-21 18:15:46.469: [INFO] BookmarksSnapshot Shutdown total=0 bar=0 other=0 mobile=0 showBar=0 showBarNTP=1
2026-08-28 07:25:56.761: [INFO] CurrentProfilePath: D:\newEclips\ProjectSpringBoot\.metadata\.plugins\org.eclipse.swt\EBWebView\Default
2026-08-28 07:25:56.761: [INFO] Profiles total count: 1
2026-08-28 07:25:56.762: [INFO] Profile: name=Profile 1 path=D:\newEclips\ProjectSpringBoot\.metadata\.plugins\org.eclipse.swt\EBWebView\Default lastActive=2026-08-21T18:14:43.631Z
2026-08-28 07:25:56.762: [INFO] LastUsedProfileDir: D:\newEclips\ProjectSpringBoot\.metadata\.plugins\org.eclipse.swt\EBWebView\Default
2026-08-28 07:25:56.762: [INFO] MostRecentlyActiveProfile: name=Profile 1 path=D:\newEclips\ProjectSpringBoot\.metadata\.plugins\org.eclipse.swt\EBWebView\Default lastActive=2026-08-21T18:14:43.631Z
2026-08-28 07:25:56.762: [INFO] OnDoneLoading sync enabled: 0
2026-08-28 07:25:56.762: [INFO] BookmarkModelLoaded, ids_reassigned: 0
2026-08-28 07:25:56.762: [INFO] BookmarksLoadDropped droppedNodes=0
2026-08-28 07:25:56.762: [INFO] BookmarksSnapshot Startup total=0 bar=0 other=0 mobile=0 showBar=0 showBarNTP=1
2026-08-28 09:08:06.211: [INFO] BookmarksSnapshot Shutdown total=0 bar=0 other=0 mobile=0 showBar=0 showBarNTP=1
2026-08-28 16:08:13.354: [INFO] CurrentProfilePath: D:\newEclips\ProjectSpringBoot\.metadata\.plugins\org.eclipse.swt\EBWebView\Default
2026-08-28 16:08:13.354: [INFO] Profiles total count: 1
2026-08-28 16:08:13.354: [INFO] Profile: name=Profile 1 path=D:\newEclips\ProjectSpringBoot\.metadata\.plugins\org.eclipse.swt\EBWebView\Default lastActive=2026-08-28T07:26:03.321Z
2026-08-28 16:08:13.354: [INFO] LastUsedProfileDir: D:\newEclips\ProjectSpringBoot\.metadata\.plugins\org.eclipse.swt\EBWebView\Default
2026-08-28 16:08:13.354: [INFO] MostRecentlyActiveProfile: name=Profile 1 path=D:\newEclips\ProjectSpringBoot\.metadata\.plugins\org.eclipse.swt\EBWebView\Default lastActive=2026-08-28T07:26:03.321Z
2026-08-28 16:08:13.354: [INFO] OnDoneLoading sync enabled: 0
2026-08-28 16:08:13.355: [INFO] BookmarkModelLoaded, ids_reassigned: 0
2026-08-28 16:08:13.355: [INFO] BookmarksLoadDropped droppedNodes=0
2026-08-28 16:08:13.355: [INFO] BookmarksSnapshot Startup total=0 bar=0 other=0 mobile=0 showBar=0 showBarNTP=1
2026-08-28 17:38:15.034: [INFO] BookmarksSnapshot Shutdown total=0 bar=0 other=0 mobile=0 showBar=0 showBarNTP=1
2026-08-28 17:38:27.370: [INFO] CurrentProfilePath: D:\newEclips\ProjectSpringBoot\.metadata\.plugins\org.eclipse.swt\EBWebView\Default
2026-08-28 17:38:27.370: [INFO] Profiles total count: 1
2026-08-28 17:38:27.370: [INFO] Profile: name=Profile 1 path=D:\newEclips\ProjectSpringBoot\.metadata\.plugins\org.eclipse.swt\EBWebView\Default lastActive=2026-08-28T17:38:13.840Z
2026-08-28 17:38:27.370: [INFO] LastUsedProfileDir: D:\newEclips\ProjectSpringBoot\.metadata\.plugins\org.eclipse.swt\EBWebView\Default
2026-08-28 17:38:27.370: [INFO] MostRecentlyActiveProfile: name=Profile 1 path=D:\newEclips\ProjectSpringBoot\.metadata\.plugins\org.eclipse.swt\EBWebView\Default lastActive=2026-08-28T17:38:13.840Z
2026-08-28 17:38:27.370: [INFO] OnDoneLoading sync enabled: 0
2026-08-28 17:38:27.370: [INFO] BookmarkModelLoaded, ids_reassigned: 0
2026-08-28 17:38:27.370: [INFO] BookmarksLoadDropped droppedNodes=0
2026-08-28 17:38:27.370: [INFO] BookmarksSnapshot Startup total=0 bar=0 other=0 mobile=0 showBar=0 showBarNTP=1
2026-08-28 18:44:21.951: [INFO] BookmarksSnapshot Shutdown total=0 bar=0 other=0 mobile=0 showBar=0 showBarNTP=1
2026-08-28 18:44:47.967: [INFO] CurrentProfilePath: D:\newEclips\ProjectSpringBoot\.metadata\.plugins\org.eclipse.swt\EBWebView\Default
2026-08-28 18:44:47.967: [INFO] Profiles total count: 1
2026-08-28 18:44:47.968: [INFO] Profile: name=Profile 1 path=D:\newEclips\ProjectSpringBoot\.metadata\.plugins\org.eclipse.swt\EBWebView\Default lastActive=2026-08-28T17:38:13.840Z
2026-08-28 18:44:47.968: [INFO] LastUsedProfileDir: D:\newEclips\ProjectSpringBoot\.metadata\.plugins\org.eclipse.swt\EBWebView\Default
2026-08-28 18:44:47.968: [INFO] MostRecentlyActiveProfile: name=Profile 1 path=D:\newEclips\ProjectSpringBoot\.metadata\.plugins\org.eclipse.swt\EBWebView\Default lastActive=2026-08-28T17:38:13.840Z
2026-08-28 18:44:47.968: [INFO] OnDoneLoading sync enabled: 0
2026-08-28 18:44:47.968: [INFO] BookmarkModelLoaded, ids_reassigned: 0
2026-08-28 18:44:47.968: [INFO] BookmarksLoadDropped droppedNodes=0
2026-08-28 18:44:47.968: [INFO] BookmarksSnapshot Startup total=0 bar=0 other=0 mobile=0 showBar=0 showBarNTP=1
2026-08-28 22:59:49.862: [INFO] BookmarksSnapshot Shutdown total=0 bar=0 other=0 mobile=0 showBar=0 showBarNTP=1
2026-08-29 06:50:17.794: [INFO] CurrentProfilePath: D:\newEclips\ProjectSpringBoot\.metadata\.plugins\org.eclipse.swt\EBWebView\Default
2026-08-29 06:50:17.794: [INFO] Profiles total count: 1
2026-08-29 06:50:17.797: [INFO] Profile: name=Profile 1 path=D:\newEclips\ProjectSpringBoot\.metadata\.plugins\org.eclipse.swt\EBWebView\Default lastActive=2026-08-28T17:38:13.840Z
2026-08-29 06:50:17.797: [INFO] LastUsedProfileDir: D:\newEclips\ProjectSpringBoot\.metadata\.plugins\org.eclipse.swt\EBWebView\Default
2026-08-29 06:50:17.797: [INFO] MostRecentlyActiveProfile: name=Profile 1 path=D:\newEclips\ProjectSpringBoot\.metadata\.plugins\org.eclipse.swt\EBWebView\Default lastActive=2026-08-28T17:38:13.840Z
2026-08-29 06:50:17.797: [INFO] OnDoneLoading sync enabled: 0
2026-08-29 06:50:17.797: [INFO] BookmarkModelLoaded, ids_reassigned: 0
2026-08-29 06:50:17.797: [INFO] BookmarksLoadDropped droppedNodes=0
2026-08-29 06:50:17.797: [INFO] BookmarksSnapshot Startup total=0 bar=0 other=0 mobile=0 showBar=0 showBarNTP=1
2026-08-29 07:29:03.159: [INFO] BookmarksSnapshot Shutdown total=0 bar=0 other=0 mobile=0 showBar=0 showBarNTP=1
2026-08-29 07:29:35.161: [INFO] CurrentProfilePath: D:\newEclips\ProjectSpringBoot\.metadata\.plugins\org.eclipse.swt\EBWebView\Default
2026-08-29 07:29:35.161: [INFO] Profiles total count: 1
2026-08-29 07:29:35.163: [INFO] Profile: name=Profile 1 path=D:\newEclips\ProjectSpringBoot\.metadata\.plugins\org.eclipse.swt\EBWebView\Default lastActive=2026-08-28T17:38:13.840Z
2026-08-29 07:29:35.163: [INFO] LastUsedProfileDir: D:\newEclips\ProjectSpringBoot\.metadata\.plugins\org.eclipse.swt\EBWebView\Default
2026-08-29 07:29:35.163: [INFO] MostRecentlyActiveProfile: name=Profile 1 path=D:\newEclips\ProjectSpringBoot\.metadata\.plugins\org.eclipse.swt\EBWebView\Default lastActive=2026-08-28T17:38:13.840Z
2026-08-29 07:29:35.163: [INFO] OnDoneLoading sync enabled: 0
2026-08-29 07:29:35.163: [INFO] BookmarkModelLoaded, ids_reassigned: 0
2026-08-29 07:29:35.163: [INFO] BookmarksLoadDropped droppedNodes=0
2026-08-29 07:29:35.163: [INFO] BookmarksSnapshot Startup total=0 bar=0 other=0 mobile=0 showBar=0 showBarNTP=1
2026-08-29 09:13:33.507: [INFO] BookmarksSnapshot Shutdown total=0 bar=0 other=0 mobile=0 showBar=0 showBarNTP=1
2026-08-29 10:13:59.296: [INFO] CurrentProfilePath: D:\newEclips\ProjectSpringBoot\.metadata\.plugins\org.eclipse.swt\EBWebView\Default
2026-08-29 10:13:59.296: [INFO] Profiles total count: 1
2026-08-29 10:13:59.298: [INFO] Profile: name=Profile 1 path=D:\newEclips\ProjectSpringBoot\.metadata\.plugins\org.eclipse.swt\EBWebView\Default lastActive=2026-08-29T08:53:06.180Z
2026-08-29 10:13:59.298: [INFO] LastUsedProfileDir: D:\newEclips\ProjectSpringBoot\.metadata\.plugins\org.eclipse.swt\EBWebView\Default
2026-08-29 10:13:59.298: [INFO] MostRecentlyActiveProfile: name=Profile 1 path=D:\newEclips\ProjectSpringBoot\.metadata\.plugins\org.eclipse.swt\EBWebView\Default lastActive=2026-08-29T08:53:06.180Z
2026-08-29 10:13:59.298: [INFO] OnDoneLoading sync enabled: 0
2026-08-29 10:13:59.298: [INFO] BookmarkModelLoaded, ids_reassigned: 0
2026-08-29 10:13:59.298: [INFO] BookmarksLoadDropped droppedNodes=0
2026-08-29 10:13:59.298: [INFO] BookmarksSnapshot Startup total=0 bar=0 other=0 mobile=0 showBar=0 showBarNTP=1
2026-08-29 10:23:48.742: [INFO] BookmarksSnapshot Shutdown total=0 bar=0 other=0 mobile=0 showBar=0 showBarNTP=1
2026-09-08 08:49:43.458: [INFO] CurrentProfilePath: D:\newEclips\ProjectSpringBoot\.metadata\.plugins\org.eclipse.swt\EBWebView\Default
2026-09-08 08:49:43.458: [INFO] Profiles total count: 1
2026-09-08 08:49:43.458: [INFO] Profile: name=Profile 1 path=D:\newEclips\ProjectSpringBoot\.metadata\.plugins\org.eclipse.swt\EBWebView\Default lastActive=2026-08-29T08:53:06.180Z
2026-09-08 08:49:43.458: [INFO] LastUsedProfileDir: D:\newEclips\ProjectSpringBoot\.metadata\.plugins\org.eclipse.swt\EBWebView\Default
2026-09-08 08:49:43.458: [INFO] MostRecentlyActiveProfile: name=Profile 1 path=D:\newEclips\ProjectSpringBoot\.metadata\.plugins\org.eclipse.swt\EBWebView\Default lastActive=2026-08-29T08:53:06.180Z
2026-09-08 08:49:43.458: [INFO] OnDoneLoading sync enabled: 0
2026-09-08 08:49:43.458: [INFO] BookmarkModelLoaded, ids_reassigned: 0
2026-09-08 08:49:43.458: [INFO] BookmarksLoadDropped droppedNodes=0
2026-09-08 08:49:43.458: [INFO] BookmarksSnapshot Startup total=0 bar=0 other=0 mobile=0 showBar=0 showBarNTP=1
2026-09-08 19:30:08.758: [INFO] BookmarksSnapshot Shutdown total=0 bar=0 other=0 mobile=0 showBar=0 showBarNTP=1
2026-09-08 20:06:35.780: [INFO] CurrentProfilePath: D:\newEclips\ProjectSpringBoot\.metadata\.plugins\org.eclipse.swt\EBWebView\Default
2026-09-08 20:06:35.781: [INFO] Profiles total count: 1
2026-09-08 20:06:35.781: [INFO] Profile: name=Profile 1 path=D:\newEclips\ProjectSpringBoot\.metadata\.plugins\org.eclipse.swt\EBWebView\Default lastActive=2026-09-08T08:59:51.589Z
2026-09-08 20:06:35.781: [INFO] LastUsedProfileDir: D:\newEclips\ProjectSpringBoot\.metadata\.plugins\org.eclipse.swt\EBWebView\Default
2026-09-08 20:06:35.781: [INFO] MostRecentlyActiveProfile: name=Profile 1 path=D:\newEclips\ProjectSpringBoot\.metadata\.plugins\org.eclipse.swt\EBWebView\Default lastActive=2026-09-08T08:59:51.589Z
2026-09-08 20:06:35.781: [INFO] OnDoneLoading sync enabled: 0
2026-09-08 20:06:35.781: [INFO] BookmarkModelLoaded, ids_reassigned: 0
2026-09-08 20:06:35.781: [INFO] BookmarksLoadDropped droppedNodes=0
2026-09-08 20:06:35.781: [INFO] BookmarksSnapshot Startup total=0 bar=0 other=0 mobile=0 showBar=0 showBarNTP=1
2026-09-09 07:23:27.965: [INFO] CurrentProfilePath: D:\newEclips\ProjectSpringBoot\.metadata\.plugins\org.eclipse.swt\EBWebView\Default
2026-09-09 07:23:27.965: [INFO] Profiles total count: 1
2026-09-09 07:23:27.965: [INFO] Profile: name=Profile 1 path=D:\newEclips\ProjectSpringBoot\.metadata\.plugins\org.eclipse.swt\EBWebView\Default lastActive=2026-09-08T20:11:00.059Z
2026-09-09 07:23:27.965: [INFO] LastUsedProfileDir: D:\newEclips\ProjectSpringBoot\.metadata\.plugins\org.eclipse.swt\EBWebView\Default
2026-09-09 07:23:27.965: [INFO] MostRecentlyActiveProfile: name=Profile 1 path=D:\newEclips\ProjectSpringBoot\.metadata\.plugins\org.eclipse.swt\EBWebView\Default lastActive=2026-09-08T20:11:00.059Z
2026-09-09 07:23:27.965: [INFO] OnDoneLoading sync enabled: 0
2026-09-09 07:23:27.965: [INFO] BookmarkModelLoaded, ids_reassigned: 0
2026-09-09 07:23:27.965: [INFO] BookmarksLoadDropped droppedNodes=0
2026-09-09 07:23:27.965: [INFO] BookmarksSnapshot Startup total=0 bar=0 other=0 mobile=0 showBar=0 showBarNTP=1
2026-09-09 22:07:14.743: [INFO] BookmarksSnapshot Shutdown total=0 bar=0 other=0 mobile=0 showBar=0 showBarNTP=1
2026-09-10 06:24:27.520: [INFO] CurrentProfilePath: D:\newEclips\ProjectSpringBoot\.metadata\.plugins\org.eclipse.swt\EBWebView\Default
2026-09-10 06:24:27.520: [INFO] Profiles total count: 1
2026-09-10 06:24:27.520: [INFO] Profile: name=Profile 1 path=D:\newEclips\ProjectSpringBoot\.metadata\.plugins\org.eclipse.swt\EBWebView\Default lastActive=2026-09-09T07:23:29.087Z
2026-09-10 06:24:27.520: [INFO] LastUsedProfileDir: D:\newEclips\ProjectSpringBoot\.metadata\.plugins\org.eclipse.swt\EBWebView\Default
2026-09-10 06:24:27.520: [INFO] MostRecentlyActiveProfile: name=Profile 1 path=D:\newEclips\ProjectSpringBoot\.metadata\.plugins\org.eclipse.swt\EBWebView\Default lastActive=2026-09-09T07:23:29.087Z
2026-09-10 06:24:27.520: [INFO] OnDoneLoading sync enabled: 0
2026-09-10 06:24:27.520: [INFO] BookmarkModelLoaded, ids_reassigned: 0
2026-09-10 06:24:27.520: [INFO] BookmarksLoadDropped droppedNodes=0
2026-09-10 06:24:27.520: [INFO] BookmarksSnapshot Startup total=0 bar=0 other=0 mobile=0 showBar=0 showBarNTP=1
2026-09-10 08:18:12.391: [INFO] BookmarksSnapshot Shutdown total=0 bar=0 other=0 mobile=0 showBar=0 showBarNTP=1
2026-09-10 08:20:26.248: [INFO] CurrentProfilePath: D:\newEclips\ProjectSpringBoot\.metadata\.plugins\org.eclipse.swt\EBWebView\Default
2026-09-10 08:20:26.248: [INFO] Profiles total count: 1
2026-09-10 08:20:26.248: [INFO] Profile: name=Profile 1 path=D:\newEclips\ProjectSpringBoot\.metadata\.plugins\org.eclipse.swt\EBWebView\Default lastActive=2026-09-10T06:43:55.318Z
2026-09-10 08:20:26.248: [INFO] LastUsedProfileDir: D:\newEclips\ProjectSpringBoot\.metadata\.plugins\org.eclipse.swt\EBWebView\Default
2026-09-10 08:20:26.248: [INFO] MostRecentlyActiveProfile: name=Profile 1 path=D:\newEclips\ProjectSpringBoot\.metadata\.plugins\org.eclipse.swt\EBWebView\Default lastActive=2026-09-10T06:43:55.318Z
2026-09-10 08:20:26.248: [INFO] OnDoneLoading sync enabled: 0
2026-09-10 08:20:26.248: [INFO] BookmarkModelLoaded, ids_reassigned: 0
2026-09-10 08:20:26.248: [INFO] BookmarksLoadDropped droppedNodes=0
2026-09-10 08:20:26.248: [INFO] BookmarksSnapshot Startup total=0 bar=0 other=0 mobile=0 showBar=0 showBarNTP=1
2026-09-10 09:27:23.707: [INFO] CurrentProfilePath: D:\newEclips\ProjectSpringBoot\.metadata\.plugins\org.eclipse.swt\EBWebView\Default
2026-09-10 09:27:23.707: [INFO] Profiles total count: 1
2026-09-10 09:27:23.707: [INFO] Profile: name=Profile 1 path=D:\newEclips\ProjectSpringBoot\.metadata\.plugins\org.eclipse.swt\EBWebView\Default lastActive=2026-09-10T08:23:44.413Z
2026-09-10 09:27:23.707: [INFO] LastUsedProfileDir: D:\newEclips\ProjectSpringBoot\.metadata\.plugins\org.eclipse.swt\EBWebView\Default
2026-09-10 09:27:23.707: [INFO] MostRecentlyActiveProfile: name=Profile 1 path=D:\newEclips\ProjectSpringBoot\.metadata\.plugins\org.eclipse.swt\EBWebView\Default lastActive=2026-09-10T08:23:44.413Z
2026-09-10 09:27:23.707: [INFO] OnDoneLoading sync enabled: 0
2026-09-10 09:27:23.707: [INFO] BookmarkModelLoaded, ids_reassigned: 0
2026-09-10 09:27:23.708: [INFO] BookmarksLoadDropped droppedNodes=0
2026-09-10 09:27:23.708: [INFO] BookmarksSnapshot Startup total=0 bar=0 other=0 mobile=0 showBar=0 showBarNTP=1
2026-09-10 09:27:36.669: [INFO] BookmarksSnapshot Shutdown total=0 bar=0 other=0 mobile=0 showBar=0 showBarNTP=1
2026-09-10 09:53:17.123: [INFO] CurrentProfilePath: D:\newEclips\ProjectSpringBoot\.metadata\.plugins\org.eclipse.swt\EBWebView\Default
2026-09-10 09:53:17.123: [INFO] Profiles total count: 1
2026-09-10 09:53:17.123: [INFO] Profile: name=Profile 1 path=D:\newEclips\ProjectSpringBoot\.metadata\.plugins\org.eclipse.swt\EBWebView\Default lastActive=2026-09-10T09:27:34.733Z
2026-09-10 09:53:17.123: [INFO] LastUsedProfileDir: D:\newEclips\ProjectSpringBoot\.metadata\.plugins\org.eclipse.swt\EBWebView\Default
2026-09-10 09:53:17.123: [INFO] MostRecentlyActiveProfile: name=Profile 1 path=D:\newEclips\ProjectSpringBoot\.metadata\.plugins\org.eclipse.swt\EBWebView\Default lastActive=2026-09-10T09:27:34.733Z
2026-09-10 09:53:17.123: [INFO] OnDoneLoading sync enabled: 0
2026-09-10 09:53:17.123: [INFO] BookmarkModelLoaded, ids_reassigned: 0
2026-09-10 09:53:17.123: [INFO] BookmarksLoadDropped droppedNodes=0
2026-09-10 09:53:17.123: [INFO] BookmarksSnapshot Startup total=0 bar=0 other=0 mobile=0 showBar=0 showBarNTP=1
2026-09-10 09:54:41.996: [INFO] BookmarksSnapshot Shutdown total=0 bar=0 other=0 mobile=0 showBar=0 showBarNTP=1
2026-09-10 10:40:38.040: [INFO] CurrentProfilePath: D:\newEclips\ProjectSpringBoot\.metadata\.plugins\org.eclipse.swt\EBWebView\Default
2026-09-10 10:40:38.040: [INFO] Profiles total count: 1
2026-09-10 10:40:38.040: [INFO] Profile: name=Profile 1 path=D:\newEclips\ProjectSpringBoot\.metadata\.plugins\org.eclipse.swt\EBWebView\Default lastActive=2026-09-10T09:54:41.793Z
2026-09-10 10:40:38.040: [INFO] LastUsedProfileDir: D:\newEclips\ProjectSpringBoot\.metadata\.plugins\org.eclipse.swt\EBWebView\Default
2026-09-10 10:40:38.040: [INFO] MostRecentlyActiveProfile: name=Profile 1 path=D:\newEclips\ProjectSpringBoot\.metadata\.plugins\org.eclipse.swt\EBWebView\Default lastActive=2026-09-10T09:54:41.793Z
2026-09-10 10:40:38.040: [INFO] OnDoneLoading sync enabled: 0
2026-09-10 10:40:38.040: [INFO] BookmarkModelLoaded, ids_reassigned: 0
2026-09-10 10:40:38.040: [INFO] BookmarksLoadDropped droppedNodes=0
2026-09-10 10:40:38.040: [INFO] BookmarksSnapshot Startup total=0 bar=0 other=0 mobile=0 showBar=0 showBarNTP=1
2026-09-10 22:29:08.258: [INFO] BookmarksSnapshot Shutdown total=0 bar=0 other=0 mobile=0 showBar=0 showBarNTP=1
2026-09-10 22:58:36.464: [INFO] CurrentProfilePath: D:\newEclips\ProjectSpringBoot\.metadata\.plugins\org.eclipse.swt\EBWebView\Default
2026-09-10 22:58:36.464: [INFO] Profiles total count: 1
2026-09-10 22:58:36.464: [INFO] Profile: name=Profile 1 path=D:\newEclips\ProjectSpringBoot\.metadata\.plugins\org.eclipse.swt\EBWebView\Default lastActive=2026-09-10T09:54:41.793Z
2026-09-10 22:58:36.464: [INFO] LastUsedProfileDir: D:\newEclips\ProjectSpringBoot\.metadata\.plugins\org.eclipse.swt\EBWebView\Default
2026-09-10 22:58:36.464: [INFO] MostRecentlyActiveProfile: name=Profile 1 path=D:\newEclips\ProjectSpringBoot\.metadata\.plugins\org.eclipse.swt\EBWebView\Default lastActive=2026-09-10T09:54:41.793Z
2026-09-10 22:58:36.464: [INFO] OnDoneLoading sync enabled: 0
2026-09-10 22:58:36.464: [INFO] BookmarkModelLoaded, ids_reassigned: 0
2026-09-10 22:58:36.465: [INFO] BookmarksLoadDropped droppedNodes=0
2026-09-10 22:58:36.465: [INFO] BookmarksSnapshot Startup total=0 bar=0 other=0 mobile=0 showBar=0 showBarNTP=1
2026-09-10 23:00:22.717: [INFO] BookmarksSnapshot Shutdown total=0 bar=0 other=0 mobile=0 showBar=0 showBarNTP=1
2026-09-10 23:01:20.594: [INFO] CurrentProfilePath: D:\newEclips\ProjectSpringBoot\.metadata\.plugins\org.eclipse.swt\EBWebView\Default
2026-09-10 23:01:20.594: [INFO] Profiles total count: 1
2026-09-10 23:01:20.594: [INFO] Profile: name=Profile 1 path=D:\newEclips\ProjectSpringBoot\.metadata\.plugins\org.eclipse.swt\EBWebView\Default lastActive=2026-09-10T09:54:41.793Z
2026-09-10 23:01:20.594: [INFO] LastUsedProfileDir: D:\newEclips\ProjectSpringBoot\.metadata\.plugins\org.eclipse.swt\EBWebView\Default
2026-09-10 23:01:20.594: [INFO] MostRecentlyActiveProfile: name=Profile 1 path=D:\newEclips\ProjectSpringBoot\.metadata\.plugins\org.eclipse.swt\EBWebView\Default lastActive=2026-09-10T09:54:41.793Z
2026-09-10 23:01:20.594: [INFO] OnDoneLoading sync enabled: 0
2026-09-10 23:01:20.594: [INFO] BookmarkModelLoaded, ids_reassigned: 0
2026-09-10 23:01:20.594: [INFO] BookmarksLoadDropped droppedNodes=0
2026-09-10 23:01:20.594: [INFO] BookmarksSnapshot Startup total=0 bar=0 other=0 mobile=0 showBar=0 showBarNTP=1
2026-09-10 23:02:17.946: [INFO] BookmarksSnapshot Shutdown total=0 bar=0 other=0 mobile=0 showBar=0 showBarNTP=1
2026-09-10 23:02:44.399: [INFO] CurrentProfilePath: D:\newEclips\ProjectSpringBoot\.metadata\.plugins\org.eclipse.swt\EBWebView\Default
2026-09-10 23:02:44.399: [INFO] Profiles total count: 1
2026-09-10 23:02:44.399: [INFO] Profile: name=Profile 1 path=D:\newEclips\ProjectSpringBoot\.metadata\.plugins\org.eclipse.swt\EBWebView\Default lastActive=2026-09-10T09:54:41.793Z
2026-09-10 23:02:44.399: [INFO] LastUsedProfileDir: D:\newEclips\ProjectSpringBoot\.metadata\.plugins\org.eclipse.swt\EBWebView\Default
2026-09-10 23:02:44.399: [INFO] MostRecentlyActiveProfile: name=Profile 1 path=D:\newEclips\ProjectSpringBoot\.metadata\.plugins\org.eclipse.swt\EBWebView\Default lastActive=2026-09-10T09:54:41.793Z
2026-09-10 23:02:44.399: [INFO] OnDoneLoading sync enabled: 0
2026-09-10 23:02:44.399: [INFO] BookmarkModelLoaded, ids_reassigned: 0
2026-09-10 23:02:44.399: [INFO] BookmarksLoadDropped droppedNodes=0
2026-09-10 23:02:44.399: [INFO] BookmarksSnapshot Startup total=0 bar=0 other=0 mobile=0 showBar=0 showBarNTP=1
2026-09-10 23:04:32.841: [INFO] BookmarksSnapshot Shutdown total=0 bar=0 other=0 mobile=0 showBar=0 showBarNTP=1
2026-09-10 23:06:42.999: [INFO] CurrentProfilePath: D:\newEclips\ProjectSpringBoot\.metadata\.plugins\org.eclipse.swt\EBWebView\Default
2026-09-10 23:06:42.999: [INFO] Profiles total count: 1
2026-09-10 23:06:42.999: [INFO] Profile: name=Profile 1 path=D:\newEclips\ProjectSpringBoot\.metadata\.plugins\org.eclipse.swt\EBWebView\Default lastActive=2026-09-10T09:54:41.793Z
2026-09-10 23:06:42.999: [INFO] LastUsedProfileDir: D:\newEclips\ProjectSpringBoot\.metadata\.plugins\org.eclipse.swt\EBWebView\Default
2026-09-10 23:06:42.999: [INFO] MostRecentlyActiveProfile: name=Profile 1 path=D:\newEclips\ProjectSpringBoot\.metadata\.plugins\org.eclipse.swt\EBWebView\Default lastActive=2026-09-10T09:54:41.793Z
2026-09-10 23:06:42.999: [INFO] OnDoneLoading sync enabled: 0
2026-09-10 23:06:42.999: [INFO] BookmarkModelLoaded, ids_reassigned: 0
2026-09-10 23:06:42.999: [INFO] BookmarksLoadDropped droppedNodes=0
2026-09-10 23:06:42.999: [INFO] BookmarksSnapshot Startup total=0 bar=0 other=0 mobile=0 showBar=0 showBarNTP=1
2026-09-10 23:42:52.356: [INFO] BookmarksSnapshot Shutdown total=0 bar=0 other=0 mobile=0 showBar=0 showBarNTP=1
2026-09-11 05:43:15.762: [INFO] CurrentProfilePath: D:\newEclips\ProjectSpringBoot\.metadata\.plugins\org.eclipse.swt\EBWebView\Default
2026-09-11 05:43:15.762: [INFO] Profiles total count: 1
2026-09-11 05:43:15.762: [INFO] Profile: name=Profile 1 path=D:\newEclips\ProjectSpringBoot\.metadata\.plugins\org.eclipse.swt\EBWebView\Default lastActive=2026-09-10T09:54:41.793Z
2026-09-11 05:43:15.762: [INFO] LastUsedProfileDir: D:\newEclips\ProjectSpringBoot\.metadata\.plugins\org.eclipse.swt\EBWebView\Default
2026-09-11 05:43:15.762: [INFO] MostRecentlyActiveProfile: name=Profile 1 path=D:\newEclips\ProjectSpringBoot\.metadata\.plugins\org.eclipse.swt\EBWebView\Default lastActive=2026-09-10T09:54:41.793Z
2026-09-11 05:43:15.762: [INFO] OnDoneLoading sync enabled: 0
2026-09-11 05:43:15.762: [INFO] BookmarkModelLoaded, ids_reassigned: 0
2026-09-11 05:43:15.762: [INFO] BookmarksLoadDropped droppedNodes=0
2026-09-11 05:43:15.762: [INFO] BookmarksSnapshot Startup total=0 bar=0 other=0 mobile=0 showBar=0 showBarNTP=1
2026-09-11 05:43:54.856: [INFO] BookmarksSnapshot Shutdown total=0 bar=0 other=0 mobile=0 showBar=0 showBarNTP=1
2026-09-11 06:03:03.206: [INFO] CurrentProfilePath: D:\newEclips\ProjectSpringBoot\.metadata\.plugins\org.eclipse.swt\EBWebView\Default
2026-09-11 06:03:03.206: [INFO] Profiles total count: 1
2026-09-11 06:03:03.206: [INFO] Profile: name=Profile 1 path=D:\newEclips\ProjectSpringBoot\.metadata\.plugins\org.eclipse.swt\EBWebView\Default lastActive=2026-09-11T05:43:54.663Z
2026-09-11 06:03:03.206: [INFO] LastUsedProfileDir: D:\newEclips\ProjectSpringBoot\.metadata\.plugins\org.eclipse.swt\EBWebView\Default
2026-09-11 06:03:03.206: [INFO] MostRecentlyActiveProfile: name=Profile 1 path=D:\newEclips\ProjectSpringBoot\.metadata\.plugins\org.eclipse.swt\EBWebView\Default lastActive=2026-09-11T05:43:54.663Z
2026-09-11 06:03:03.206: [INFO] OnDoneLoading sync enabled: 0
2026-09-11 06:03:03.206: [INFO] BookmarkModelLoaded, ids_reassigned: 0
2026-09-11 06:03:03.206: [INFO] BookmarksLoadDropped droppedNodes=0
2026-09-11 06:03:03.206: [INFO] BookmarksSnapshot Startup total=0 bar=0 other=0 mobile=0 showBar=0 showBarNTP=1
2026-09-11 07:34:00.763: [INFO] BookmarksSnapshot Shutdown total=0 bar=0 other=0 mobile=0 showBar=0 showBarNTP=1
2026-09-11 07:39:14.783: [INFO] CurrentProfilePath: D:\newEclips\ProjectSpringBoot\.metadata\.plugins\org.eclipse.swt\EBWebView\Default
2026-09-11 07:39:14.783: [INFO] Profiles total count: 1
2026-09-11 07:39:14.783: [INFO] Profile: name=Profile 1 path=D:\newEclips\ProjectSpringBoot\.metadata\.plugins\org.eclipse.swt\EBWebView\Default lastActive=2026-09-11T05:43:54.663Z
2026-09-11 07:39:14.783: [INFO] LastUsedProfileDir: D:\newEclips\ProjectSpringBoot\.metadata\.plugins\org.eclipse.swt\EBWebView\Default
2026-09-11 07:39:14.783: [INFO] MostRecentlyActiveProfile: name=Profile 1 path=D:\newEclips\ProjectSpringBoot\.metadata\.plugins\org.eclipse.swt\EBWebView\Default lastActive=2026-09-11T05:43:54.663Z
2026-09-11 07:39:14.783: [INFO] OnDoneLoading sync enabled: 0
2026-09-11 07:39:14.783: [INFO] BookmarkModelLoaded, ids_reassigned: 0
2026-09-11 07:39:14.783: [INFO] BookmarksLoadDropped droppedNodes=0
2026-09-11 07:39:14.783: [INFO] BookmarksSnapshot Startup total=0 bar=0 other=0 mobile=0 showBar=0 showBarNTP=1
2026-09-11 07:52:32.076: [INFO] BookmarksSnapshot Shutdown total=0 bar=0 other=0 mobile=0 showBar=0 showBarNTP=1
2026-09-11 15:20:07.828: [INFO] CurrentProfilePath: D:\newEclips\ProjectSpringBoot\.metadata\.plugins\org.eclipse.swt\EBWebView\Default
2026-09-11 15:20:07.829: [INFO] Profiles total count: 1
2026-09-11 15:20:07.829: [INFO] Profile: name=Profile 1 path=D:\newEclips\ProjectSpringBoot\.metadata\.plugins\org.eclipse.swt\EBWebView\Default lastActive=2026-09-11T07:52:31.873Z
2026-09-11 15:20:07.829: [INFO] LastUsedProfileDir: D:\newEclips\ProjectSpringBoot\.metadata\.plugins\org.eclipse.swt\EBWebView\Default
2026-09-11 15:20:07.829: [INFO] MostRecentlyActiveProfile: name=Profile 1 path=D:\newEclips\ProjectSpringBoot\.metadata\.plugins\org.eclipse.swt\EBWebView\Default lastActive=2026-09-11T07:52:31.873Z
2026-09-11 15:20:07.829: [INFO] OnDoneLoading sync enabled: 0
2026-09-11 15:20:07.829: [INFO] BookmarkModelLoaded, ids_reassigned: 0
2026-09-11 15:20:07.829: [INFO] BookmarksLoadDropped droppedNodes=0
2026-09-11 15:20:07.829: [INFO] BookmarksSnapshot Startup total=0 bar=0 other=0 mobile=0 showBar=0 showBarNTP=1
2026-09-11 15:29:56.739: [INFO] BookmarksSnapshot Shutdown total=0 bar=0 other=0 mobile=0 showBar=0 showBarNTP=1
